{
  "schema": "leopard-main-benchmark-v1",
  "build": {
    "main_source_commit": "6e5725ebdf9da4370b0bcc4f70fa8eb66f4e6198",
    "cplusplus": 201103
  },
  "parameters": {
    "K": 4096,
    "R": 512,
    "shard_bytes": 4096,
    "loss_count": 8,
    "missing_original_indices": [122, 572, 1320, 2223, 2746, 3099, 4033, 4056],
    "batch": 1,
    "reuse": 8,
    "iterations": 9,
    "warmup": 2,
    "thread_count": 1,
    "seed": 137
  },
  "resolved": {
    "profile": "legacy_high_v1",
    "field": "gf16",
    "thread_count": 1,
    "parent_count": 8192,
    "padded_side": 512
  },
  "correctness": {"round_trip": true},
  "workload_digests": {
    "algorithm": "fnv1a64",
    "original_data": "6f3156dce1278d19",
    "transmitted_parity": "747f5e1455d18a69",
    "recovered_originals": "3efc079595ac7e3e"
  },
  "memory": {
    "alignment": 64,
    "encode_work_shards_per_stripe": 1024,
    "decode_work_shards_per_stripe": 8192,
    "encode_work_bytes_batch": 4194304,
    "decode_work_bytes_batch": 33554432
  },
  "metrics": {
    "codec_setup": null,
    "decode_timing_includes_setup": true,
    "encode_execution": {
      "median_us_per_batch_call": 2161.593375,
      "mad_us_per_batch_call": 27.536625,
      "minimum_us_per_batch_call": 2127.063000,
      "maximum_us_per_batch_call": 2276.262125,
      "samples_us_per_batch_call": [2276.262125, 2127.063000, 2161.593375, 2132.250500, 2163.375875, 2134.056750, 2170.927250, 2133.698000, 2162.188375],
      "input_GB_per_s": 7.761504,
      "parity_output_GB_per_s": 0.970188
    },
    "decode_including_setup": {
      "median_us_per_batch_call": 10342.770250,
      "mad_us_per_batch_call": 54.983125,
      "minimum_us_per_batch_call": 10214.498750,
      "maximum_us_per_batch_call": 10399.729625,
      "samples_us_per_batch_call": [10342.770250, 10338.281500, 10393.183250, 10214.498750, 10397.753375, 10220.806375, 10399.729625, 10282.439500, 10385.172000],
      "offered_received_GB_per_s": 1.821717,
      "repaired_output_GB_per_s": 0.003168
    },
    "rate_semantics": "offered_received counts every non-null original and all R supplied parity shards"
  }
}
