{
  "schema": "leopard-main-benchmark-v1",
  "build": {
    "main_source_commit": "6e5725ebdf9da4370b0bcc4f70fa8eb66f4e6198",
    "cplusplus": 201103
  },
  "parameters": {
    "K": 240,
    "R": 16,
    "shard_bytes": 65536,
    "loss_count": 1,
    "missing_original_indices": [55],
    "batch": 1,
    "reuse": 8,
    "iterations": 9,
    "warmup": 2,
    "thread_count": 1,
    "seed": 103
  },
  "resolved": {
    "profile": "legacy_high_v1",
    "field": "gf8",
    "thread_count": 1,
    "parent_count": 256,
    "padded_side": 16
  },
  "correctness": {"round_trip": true},
  "workload_digests": {
    "algorithm": "fnv1a64",
    "original_data": "098bc6a8e198c13e",
    "transmitted_parity": "9848b9ee681c432e",
    "recovered_originals": "2835cd93082ba377"
  },
  "memory": {
    "alignment": 64,
    "encode_work_shards_per_stripe": 32,
    "decode_work_shards_per_stripe": 256,
    "encode_work_bytes_batch": 2097152,
    "decode_work_bytes_batch": 16777216
  },
  "metrics": {
    "codec_setup": null,
    "decode_timing_includes_setup": true,
    "encode_execution": {
      "median_us_per_batch_call": 690.238000,
      "mad_us_per_batch_call": 2.908625,
      "minimum_us_per_batch_call": 686.635375,
      "maximum_us_per_batch_call": 726.778375,
      "samples_us_per_batch_call": [726.778375, 693.274250, 693.146625, 687.463000, 686.635375, 689.600375, 688.464250, 690.238000, 695.076625],
      "input_GB_per_s": 22.787270,
      "parity_output_GB_per_s": 1.519151
    },
    "decode_including_setup": {
      "median_us_per_batch_call": 1976.446500,
      "mad_us_per_batch_call": 1.636250,
      "minimum_us_per_batch_call": 1973.654000,
      "maximum_us_per_batch_call": 2060.869875,
      "samples_us_per_batch_call": [2060.869875, 1975.306500, 1973.654000, 1976.614000, 1974.810250, 1986.315375, 1989.182875, 1976.446500, 1975.912750],
      "offered_received_GB_per_s": 8.455417,
      "repaired_output_GB_per_s": 0.033158
    },
    "rate_semantics": "offered_received counts every non-null original and all R supplied parity shards"
  }
}
