{
  "schema": "leopard-main-benchmark-v1",
  "build": {
    "main_source_commit": "6e5725ebdf9da4370b0bcc4f70fa8eb66f4e6198",
    "cplusplus": 201103
  },
  "parameters": {
    "K": 129,
    "R": 1,
    "shard_bytes": 65536,
    "loss_count": 1,
    "missing_original_indices": [108],
    "batch": 1,
    "reuse": 8,
    "iterations": 9,
    "warmup": 2,
    "thread_count": 1,
    "seed": 101
  },
  "resolved": {
    "profile": "legacy_high_v1",
    "field": "gf8",
    "thread_count": 1,
    "parent_count": 256,
    "padded_side": 1
  },
  "correctness": {"round_trip": true},
  "workload_digests": {
    "algorithm": "fnv1a64",
    "original_data": "4b3529c4c87db053",
    "transmitted_parity": "4252f57b39c69907",
    "recovered_originals": "7346e65b13f520fc"
  },
  "memory": {
    "alignment": 64,
    "encode_work_shards_per_stripe": 1,
    "decode_work_shards_per_stripe": 129,
    "encode_work_bytes_batch": 65536,
    "decode_work_bytes_batch": 8454144
  },
  "metrics": {
    "codec_setup": null,
    "decode_timing_includes_setup": true,
    "encode_execution": {
      "median_us_per_batch_call": 83.189750,
      "mad_us_per_batch_call": 0.282500,
      "minimum_us_per_batch_call": 78.118375,
      "maximum_us_per_batch_call": 84.157250,
      "samples_us_per_batch_call": [82.907250, 78.118375, 83.800875, 84.107250, 84.157250, 83.189750, 83.085875, 83.282250, 83.166000],
      "input_GB_per_s": 101.624828,
      "parity_output_GB_per_s": 0.787789
    },
    "decode_including_setup": {
      "median_us_per_batch_call": 84.104625,
      "mad_us_per_batch_call": 0.068750,
      "minimum_us_per_batch_call": 83.638500,
      "maximum_us_per_batch_call": 84.294750,
      "samples_us_per_batch_call": [84.104625, 84.039750, 83.638500, 84.122250, 84.173375, 84.064750, 84.294750, 84.174750, 84.002125],
      "offered_received_GB_per_s": 100.519371,
      "repaired_output_GB_per_s": 0.779220
    },
    "rate_semantics": "offered_received counts every non-null original and all R supplied parity shards"
  }
}
