{
  "schema": "leopard2-benchmark-v2",
  "build": {
    "compiler": "gcc",
    "compiler_version": "13.3.0",
    "cplusplus": 201103
  },
  "parameters": {
    "K": 240,
    "R": 16,
    "requested_profile": "legacy_high_v1",
    "requested_field": "auto",
    "requested_backend": "auto",
    "force_generic_decode": false,
    "force_specialized_decode": false,
    "skip_legacy": true,
    "retain_samples": true,
    "shard_bytes": 65536,
    "loss_count": 16,
    "missing_original_indices": [6, 29, 42, 46, 67, 78, 80, 87, 113, 149, 175, 186, 194, 231, 233, 236],
    "batch": 1,
    "reuse": 8,
    "iterations": 9,
    "warmup": 2,
    "thread_count": 1,
    "seed": 107
  },
  "resolved": {
    "profile": "legacy_high_v1",
    "field": "gf8",
    "backend": "avx2",
    "thread_count": 1,
    "parent_count": 256,
    "padded_side": 16
  },
  "correctness": {
    "leopard2_round_trip": true,
    "legacy_comparison": null
  },
  "workload_digests": {
    "algorithm": "fnv1a64",
    "original_data": "e280209877a0905b",
    "transmitted_parity": "26b81bb8780e581f",
    "recovered_originals": "5253e7831ec8f0b3"
  },
  "memory": {
    "scratch_alignment": 64,
    "encode_scratch_bytes_per_stripe": 2103424,
    "decode_scratch_bytes_per_stripe": 33566464,
    "encode_scratch_bytes_batch": 2103424,
    "decode_scratch_bytes_batch": 33566464
  },
  "metrics": {
    "codec_setup": {
      "median_us": 0.340000,
      "mad_us": 0.000000,
      "minimum_us": 0.330000,
      "maximum_us": 2.180000,
      "samples_us": [2.180000, 0.360000, 0.340000, 0.340000, 0.340000, 0.340000, 0.340000, 0.330000, 0.340000]
    },
    "encode_execution": {
      "median_us_per_batch_call": 933.050750,
      "mad_us_per_batch_call": 1.223750,
      "minimum_us_per_batch_call": 931.584500,
      "maximum_us_per_batch_call": 1057.367250,
      "samples_us_per_batch_call": [1057.367250, 974.373750, 932.973125, 931.584500, 931.647000, 933.050750, 931.827000, 933.427000, 933.153250],
      "input_GB_per_s": 16.857218,
      "parity_output_GB_per_s": 1.123815
    },
    "decode_plan_setup": {
      "median_us": 1.370000,
      "mad_us": 0.040000,
      "minimum_us": 1.330000,
      "maximum_us": 5.510000,
      "samples_us": [5.510000, 1.710000, 1.420000, 1.390000, 1.340000, 1.330000, 1.340000, 1.330000, 1.370000]
    },
    "decode_execution": {
      "median_us_per_batch_call": 2303.965250,
      "mad_us_per_batch_call": 8.205125,
      "minimum_us_per_batch_call": 2292.396375,
      "maximum_us_per_batch_call": 2501.705000,
      "samples_us_per_batch_call": [2501.705000, 2310.124125, 2314.760375, 2295.760125, 2303.965250, 2292.396375, 2303.276500, 2308.436625, 2294.711375],
      "offered_received_GB_per_s": 6.826770,
      "repaired_output_GB_per_s": 0.455118
    },
    "decode_amortized_at_reuse": {
      "reuse_count": 8,
      "derived_median_us_per_batch_call": 2304.136500,
      "offered_received_GB_per_s": 6.826262,
      "repaired_output_GB_per_s": 0.455084
    },
    "rate_semantics": "offered_received counts all non-null shard pointers supplied; a plan may read a deterministic subset"
  },
  "legacy": {
    "available": false,
    "unavailable_reason": "disabled by --skip-legacy",
    "codec_setup": null,
    "decode_timing_includes_setup": true,
    "encode_execution": null,
    "decode_including_setup": null
  }
}
