{
  "schema": "leopard-main-benchmark-v1",
  "build": {
    "main_source_commit": "6e5725ebdf9da4370b0bcc4f70fa8eb66f4e6198",
    "cplusplus": 201103
  },
  "parameters": {
    "K": 1000,
    "R": 200,
    "shard_bytes": 65536,
    "loss_count": 1,
    "missing_original_indices": [727],
    "batch": 1,
    "reuse": 8,
    "iterations": 9,
    "warmup": 2,
    "thread_count": 1,
    "seed": 127
  },
  "resolved": {
    "profile": "legacy_high_v1",
    "field": "gf16",
    "thread_count": 1,
    "parent_count": 2048,
    "padded_side": 256
  },
  "correctness": {"round_trip": true},
  "workload_digests": {
    "algorithm": "fnv1a64",
    "original_data": "a9b73f287cdc7964",
    "transmitted_parity": "a9af0349ff11dc1e",
    "recovered_originals": "10a08ad84bf2810b"
  },
  "memory": {
    "alignment": 64,
    "encode_work_shards_per_stripe": 512,
    "decode_work_shards_per_stripe": 2048,
    "encode_work_bytes_batch": 33554432,
    "decode_work_bytes_batch": 134217728
  },
  "metrics": {
    "codec_setup": null,
    "decode_timing_includes_setup": true,
    "encode_execution": {
      "median_us_per_batch_call": 9275.316250,
      "mad_us_per_batch_call": 6.238875,
      "minimum_us_per_batch_call": 9261.277250,
      "maximum_us_per_batch_call": 9382.653625,
      "samples_us_per_batch_call": [9382.653625, 9275.316250, 9261.277250, 9279.896125, 9263.572375, 9285.357500, 9270.907375, 9269.077375, 9277.501125],
      "input_GB_per_s": 7.065635,
      "parity_output_GB_per_s": 1.413127
    },
    "decode_including_setup": {
      "median_us_per_batch_call": 51046.006500,
      "mad_us_per_batch_call": 141.014375,
      "minimum_us_per_batch_call": 50774.976000,
      "maximum_us_per_batch_call": 52040.851750,
      "samples_us_per_batch_call": [51033.246625, 51195.194625, 50916.865250, 51187.020875, 50774.976000, 50885.087250, 51158.408000, 51046.006500, 52040.851750],
      "offered_received_GB_per_s": 1.539350,
      "repaired_output_GB_per_s": 0.001284
    },
    "rate_semantics": "offered_received counts every non-null original and all R supplied parity shards"
  }
}
