{
  "schema": "leopard2-benchmark-v2",
  "build": {
    "compiler": "gcc",
    "compiler_version": "13.3.0",
    "cplusplus": 201103
  },
  "parameters": {
    "K": 1000,
    "R": 200,
    "requested_profile": "legacy_high_v1",
    "requested_field": "auto",
    "requested_backend": "auto",
    "force_generic_decode": false,
    "force_specialized_decode": false,
    "skip_legacy": true,
    "retain_samples": true,
    "shard_bytes": 65536,
    "loss_count": 1,
    "missing_original_indices": [727],
    "batch": 1,
    "reuse": 8,
    "iterations": 9,
    "warmup": 2,
    "thread_count": 1,
    "seed": 127
  },
  "resolved": {
    "profile": "legacy_high_v1",
    "field": "gf16",
    "backend": "avx2",
    "thread_count": 1,
    "parent_count": 2048,
    "padded_side": 256
  },
  "correctness": {
    "leopard2_round_trip": true,
    "legacy_comparison": null
  },
  "workload_digests": {
    "algorithm": "fnv1a64",
    "original_data": "a9b73f287cdc7964",
    "transmitted_parity": "a9af0349ff11dc1e",
    "recovered_originals": "10a08ad84bf2810b"
  },
  "memory": {
    "scratch_alignment": 64,
    "encode_scratch_bytes_per_stripe": 33585728,
    "decode_scratch_bytes_per_stripe": 212928896,
    "encode_scratch_bytes_batch": 33585728,
    "decode_scratch_bytes_batch": 212928896
  },
  "metrics": {
    "codec_setup": {
      "median_us": 3.470000,
      "mad_us": 0.010000,
      "minimum_us": 3.460000,
      "maximum_us": 10.060000,
      "samples_us": [10.060000, 3.520000, 3.460000, 3.470000, 3.470000, 3.470000, 3.460000, 3.460000, 3.470000]
    },
    "encode_execution": {
      "median_us_per_batch_call": 10375.455000,
      "mad_us_per_batch_call": 7.410000,
      "minimum_us_per_batch_call": 10366.388750,
      "maximum_us_per_batch_call": 10499.079000,
      "samples_us_per_batch_call": [10499.079000, 10372.358750, 10403.636625, 10377.527500, 10368.045000, 10375.455000, 10373.581250, 10366.388750, 10399.234000],
      "input_GB_per_s": 6.316446,
      "parity_output_GB_per_s": 1.263289
    },
    "decode_plan_setup": {
      "median_us": 196.323000,
      "mad_us": 0.231000,
      "minimum_us": 195.932000,
      "maximum_us": 206.862000,
      "samples_us": [206.862000, 196.323000, 198.402000, 196.362000, 196.242000, 196.173000, 195.932000, 199.122000, 196.092000]
    },
    "decode_execution": {
      "median_us_per_batch_call": 25326.689875,
      "mad_us_per_batch_call": 34.825500,
      "minimum_us_per_batch_call": 25265.068000,
      "maximum_us_per_batch_call": 25415.790875,
      "samples_us_per_batch_call": [25290.960750, 25361.515375, 25287.357000, 25316.753625, 25326.689875, 25265.068000, 25342.637625, 25415.790875, 25335.767625],
      "offered_received_GB_per_s": 3.102564,
      "repaired_output_GB_per_s": 0.002588
    },
    "decode_amortized_at_reuse": {
      "reuse_count": 8,
      "derived_median_us_per_batch_call": 25351.230250,
      "offered_received_GB_per_s": 3.099560,
      "repaired_output_GB_per_s": 0.002585
    },
    "rate_semantics": "offered_received counts all non-null shard pointers supplied; a plan may read a deterministic subset"
  },
  "legacy": {
    "available": false,
    "unavailable_reason": "disabled by --skip-legacy",
    "codec_setup": null,
    "decode_timing_includes_setup": true,
    "encode_execution": null,
    "decode_including_setup": null
  }
}
