{
  "schema": "leopard2-benchmark-v2",
  "build": {
    "compiler": "gcc",
    "compiler_version": "13.3.0",
    "cplusplus": 201103
  },
  "parameters": {
    "K": 1000,
    "R": 200,
    "requested_profile": "legacy_high_v1",
    "requested_field": "auto",
    "requested_backend": "auto",
    "force_generic_decode": false,
    "force_specialized_decode": false,
    "skip_legacy": true,
    "retain_samples": true,
    "shard_bytes": 65536,
    "loss_count": 1,
    "missing_original_indices": [727],
    "batch": 1,
    "reuse": 8,
    "iterations": 9,
    "warmup": 2,
    "thread_count": 1,
    "seed": 127
  },
  "resolved": {
    "profile": "legacy_high_v1",
    "field": "gf16",
    "backend": "avx2",
    "thread_count": 1,
    "parent_count": 2048,
    "padded_side": 256
  },
  "correctness": {
    "leopard2_round_trip": true,
    "legacy_comparison": null
  },
  "workload_digests": {
    "algorithm": "fnv1a64",
    "original_data": "a9b73f287cdc7964",
    "transmitted_parity": "a9af0349ff11dc1e",
    "recovered_originals": "10a08ad84bf2810b"
  },
  "memory": {
    "scratch_alignment": 64,
    "encode_scratch_bytes_per_stripe": 33585728,
    "decode_scratch_bytes_per_stripe": 212928896,
    "encode_scratch_bytes_batch": 33585728,
    "decode_scratch_bytes_batch": 212928896
  },
  "metrics": {
    "codec_setup": {
      "median_us": 3.400000,
      "mad_us": 0.009000,
      "minimum_us": 3.380000,
      "maximum_us": 10.070000,
      "samples_us": [10.070000, 3.450000, 3.400000, 3.400000, 3.400000, 3.391000, 3.400000, 3.380000, 3.380000]
    },
    "encode_execution": {
      "median_us_per_batch_call": 10415.744250,
      "mad_us_per_batch_call": 22.995125,
      "minimum_us_per_batch_call": 10370.617500,
      "maximum_us_per_batch_call": 10504.802875,
      "samples_us_per_batch_call": [10504.802875, 10415.744250, 10491.746375, 10382.850250, 10370.617500, 10425.933125, 10438.263250, 10402.026625, 10392.749125],
      "input_GB_per_s": 6.292013,
      "parity_output_GB_per_s": 1.258403
    },
    "decode_plan_setup": {
      "median_us": 197.322000,
      "mad_us": 0.800000,
      "minimum_us": 196.262000,
      "maximum_us": 206.182000,
      "samples_us": [206.182000, 196.522000, 197.393000, 197.322000, 197.492000, 199.662000, 197.223000, 196.262000, 196.262000]
    },
    "decode_execution": {
      "median_us_per_batch_call": 25255.780500,
      "mad_us_per_batch_call": 54.254500,
      "minimum_us_per_batch_call": 25161.229375,
      "maximum_us_per_batch_call": 25367.404250,
      "samples_us_per_batch_call": [25201.526000, 25367.404250, 25252.854250, 25350.629000, 25255.780500, 25201.736000, 25161.229375, 25320.016125, 25305.676000],
      "offered_received_GB_per_s": 3.111274,
      "repaired_output_GB_per_s": 0.002595
    },
    "decode_amortized_at_reuse": {
      "reuse_count": 8,
      "derived_median_us_per_batch_call": 25280.445750,
      "offered_received_GB_per_s": 3.108239,
      "repaired_output_GB_per_s": 0.002592
    },
    "rate_semantics": "offered_received counts all non-null shard pointers supplied; a plan may read a deterministic subset"
  },
  "legacy": {
    "available": false,
    "unavailable_reason": "disabled by --skip-legacy",
    "codec_setup": null,
    "decode_timing_includes_setup": true,
    "encode_execution": null,
    "decode_including_setup": null
  }
}
