{
  "schema": "leopard-main-benchmark-v1",
  "build": {
    "main_source_commit": "6e5725ebdf9da4370b0bcc4f70fa8eb66f4e6198",
    "cplusplus": 201103
  },
  "parameters": {
    "K": 1000,
    "R": 200,
    "shard_bytes": 65536,
    "loss_count": 1,
    "missing_original_indices": [727],
    "batch": 1,
    "reuse": 8,
    "iterations": 9,
    "warmup": 2,
    "thread_count": 1,
    "seed": 127
  },
  "resolved": {
    "profile": "legacy_high_v1",
    "field": "gf16",
    "thread_count": 1,
    "parent_count": 2048,
    "padded_side": 256
  },
  "correctness": {"round_trip": true},
  "workload_digests": {
    "algorithm": "fnv1a64",
    "original_data": "a9b73f287cdc7964",
    "transmitted_parity": "a9af0349ff11dc1e",
    "recovered_originals": "10a08ad84bf2810b"
  },
  "memory": {
    "alignment": 64,
    "encode_work_shards_per_stripe": 512,
    "decode_work_shards_per_stripe": 2048,
    "encode_work_bytes_batch": 33554432,
    "decode_work_bytes_batch": 134217728
  },
  "metrics": {
    "codec_setup": null,
    "decode_timing_includes_setup": true,
    "encode_execution": {
      "median_us_per_batch_call": 9275.490000,
      "mad_us_per_batch_call": 9.655125,
      "minimum_us_per_batch_call": 9264.659875,
      "maximum_us_per_batch_call": 9388.888875,
      "samples_us_per_batch_call": [9388.888875, 9271.360000, 9283.173875, 9267.308625, 9275.490000, 9314.759250, 9265.223750, 9264.659875, 9285.145125],
      "input_GB_per_s": 7.065503,
      "parity_output_GB_per_s": 1.413101
    },
    "decode_including_setup": {
      "median_us_per_batch_call": 51063.605000,
      "mad_us_per_batch_call": 67.233125,
      "minimum_us_per_batch_call": 50633.757500,
      "maximum_us_per_batch_call": 51681.407000,
      "samples_us_per_batch_call": [51085.312750, 51119.503125, 51681.407000, 50633.757500, 51063.605000, 51130.838125, 50796.016875, 51004.162875, 50924.930750],
      "offered_received_GB_per_s": 1.538819,
      "repaired_output_GB_per_s": 0.001283
    },
    "rate_semantics": "offered_received counts every non-null original and all R supplied parity shards"
  }
}
