{
  "schema": "leopard-main-benchmark-v1",
  "build": {
    "main_source_commit": "6e5725ebdf9da4370b0bcc4f70fa8eb66f4e6198",
    "cplusplus": 201103
  },
  "parameters": {
    "K": 129,
    "R": 1,
    "shard_bytes": 65536,
    "loss_count": 1,
    "missing_original_indices": [108],
    "batch": 1,
    "reuse": 8,
    "iterations": 9,
    "warmup": 2,
    "thread_count": 1,
    "seed": 101
  },
  "resolved": {
    "profile": "legacy_high_v1",
    "field": "gf8",
    "thread_count": 1,
    "parent_count": 256,
    "padded_side": 1
  },
  "correctness": {"round_trip": true},
  "workload_digests": {
    "algorithm": "fnv1a64",
    "original_data": "4b3529c4c87db053",
    "transmitted_parity": "4252f57b39c69907",
    "recovered_originals": "7346e65b13f520fc"
  },
  "memory": {
    "alignment": 64,
    "encode_work_shards_per_stripe": 1,
    "decode_work_shards_per_stripe": 129,
    "encode_work_bytes_batch": 65536,
    "decode_work_bytes_batch": 8454144
  },
  "metrics": {
    "codec_setup": null,
    "decode_timing_includes_setup": true,
    "encode_execution": {
      "median_us_per_batch_call": 82.044750,
      "mad_us_per_batch_call": 3.891375,
      "minimum_us_per_batch_call": 77.270875,
      "maximum_us_per_batch_call": 86.004750,
      "samples_us_per_batch_call": [84.951000, 86.004750, 77.984625, 77.979625, 78.153375, 77.270875, 82.044750, 82.764750, 83.128375],
      "input_GB_per_s": 103.043083,
      "parity_output_GB_per_s": 0.798784
    },
    "decode_including_setup": {
      "median_us_per_batch_call": 84.353375,
      "mad_us_per_batch_call": 0.317625,
      "minimum_us_per_batch_call": 83.921000,
      "maximum_us_per_batch_call": 85.568500,
      "samples_us_per_batch_call": [84.218500, 83.921000, 84.671000, 84.353375, 83.939750, 85.568500, 84.447250, 83.982250, 84.400875],
      "offered_received_GB_per_s": 100.222949,
      "repaired_output_GB_per_s": 0.776922
    },
    "rate_semantics": "offered_received counts every non-null original and all R supplied parity shards"
  }
}
