{
  "schema": "leopard2-benchmark-v2",
  "build": {
    "compiler": "gcc",
    "compiler_version": "13.3.0",
    "cplusplus": 201103
  },
  "parameters": {
    "K": 129,
    "R": 1,
    "requested_profile": "legacy_high_v1",
    "requested_field": "auto",
    "requested_backend": "auto",
    "force_generic_decode": false,
    "force_specialized_decode": false,
    "skip_legacy": true,
    "retain_samples": true,
    "shard_bytes": 65536,
    "loss_count": 1,
    "missing_original_indices": [108],
    "batch": 1,
    "reuse": 8,
    "iterations": 9,
    "warmup": 2,
    "thread_count": 1,
    "seed": 101
  },
  "resolved": {
    "profile": "legacy_high_v1",
    "field": "gf8",
    "backend": "avx2",
    "thread_count": 1,
    "parent_count": 256,
    "padded_side": 1
  },
  "correctness": {
    "leopard2_round_trip": true,
    "legacy_comparison": null
  },
  "workload_digests": {
    "algorithm": "fnv1a64",
    "original_data": "4b3529c4c87db053",
    "transmitted_parity": "4252f57b39c69907",
    "recovered_originals": "7346e65b13f520fc"
  },
  "memory": {
    "scratch_alignment": 64,
    "encode_scratch_bytes_per_stripe": 134208,
    "decode_scratch_bytes_per_stripe": 25305152,
    "encode_scratch_bytes_batch": 134208,
    "decode_scratch_bytes_batch": 25305152
  },
  "metrics": {
    "codec_setup": {
      "median_us": 0.030000,
      "mad_us": 0.000000,
      "minimum_us": 0.030000,
      "maximum_us": 1.150000,
      "samples_us": [1.150000, 0.040000, 0.040000, 0.030000, 0.030000, 0.030000, 0.030000, 0.030000, 0.040000]
    },
    "encode_execution": {
      "median_us_per_batch_call": 101.638625,
      "mad_us_per_batch_call": 1.288875,
      "minimum_us_per_batch_call": 98.078750,
      "maximum_us_per_batch_call": 105.413750,
      "samples_us_per_batch_call": [105.358625, 102.927500, 105.413750, 104.362375, 101.336250, 100.562375, 101.638625, 101.034875, 98.078750],
      "input_GB_per_s": 83.178457,
      "parity_output_GB_per_s": 0.644794
    },
    "decode_plan_setup": {
      "median_us": 0.110000,
      "mad_us": 0.000000,
      "minimum_us": 0.110000,
      "maximum_us": 1.060000,
      "samples_us": [1.060000, 0.270000, 0.130000, 0.120000, 0.110000, 0.110000, 0.110000, 0.110000, 0.110000]
    },
    "decode_execution": {
      "median_us_per_batch_call": 121.561375,
      "mad_us_per_batch_call": 0.710000,
      "minimum_us_per_batch_call": 120.490125,
      "maximum_us_per_batch_call": 127.335125,
      "samples_us_per_batch_call": [127.335125, 124.569000, 122.208875, 121.001375, 121.561375, 120.490125, 120.660250, 120.851375, 121.853875],
      "offered_received_GB_per_s": 69.546301,
      "repaired_output_GB_per_s": 0.539119
    },
    "decode_amortized_at_reuse": {
      "reuse_count": 8,
      "derived_median_us_per_batch_call": 121.575125,
      "offered_received_GB_per_s": 69.538436,
      "repaired_output_GB_per_s": 0.539058
    },
    "rate_semantics": "offered_received counts all non-null shard pointers supplied; a plan may read a deterministic subset"
  },
  "legacy": {
    "available": false,
    "unavailable_reason": "disabled by --skip-legacy",
    "codec_setup": null,
    "decode_timing_includes_setup": true,
    "encode_execution": null,
    "decode_including_setup": null
  }
}
