{
  "schema": "leopard2-benchmark-v2",
  "build": {
    "compiler": "gcc",
    "compiler_version": "13.3.0",
    "cplusplus": 201103
  },
  "parameters": {
    "K": 200,
    "R": 50,
    "requested_profile": "legacy_high_v1",
    "requested_field": "auto",
    "requested_backend": "auto",
    "force_generic_decode": false,
    "force_specialized_decode": false,
    "skip_legacy": true,
    "retain_samples": true,
    "shard_bytes": 65536,
    "loss_count": 8,
    "missing_original_indices": [2, 24, 40, 84, 88, 96, 129, 137],
    "batch": 1,
    "reuse": 8,
    "iterations": 9,
    "warmup": 2,
    "thread_count": 1,
    "seed": 113
  },
  "resolved": {
    "profile": "legacy_high_v1",
    "field": "gf16",
    "backend": "avx2",
    "thread_count": 1,
    "parent_count": 512,
    "padded_side": 64
  },
  "correctness": {
    "leopard2_round_trip": true,
    "legacy_comparison": null
  },
  "workload_digests": {
    "algorithm": "fnv1a64",
    "original_data": "f7d5d0ee6de3a13e",
    "transmitted_parity": "412980fc1e6c348a",
    "recovered_originals": "156d6b9fdeb8daff"
  },
  "memory": {
    "scratch_alignment": 64,
    "encode_scratch_bytes_per_stripe": 8395264,
    "decode_scratch_bytes_per_stripe": 49953856,
    "encode_scratch_bytes_batch": 8395264,
    "decode_scratch_bytes_batch": 49953856
  },
  "metrics": {
    "codec_setup": {
      "median_us": 3.941000,
      "mad_us": 0.011000,
      "minimum_us": 3.930000,
      "maximum_us": 7.870000,
      "samples_us": [7.870000, 4.000000, 3.940000, 3.980000, 3.940000, 3.941000, 3.930000, 3.960000, 3.930000]
    },
    "encode_execution": {
      "median_us_per_batch_call": 1544.857750,
      "mad_us_per_batch_call": 5.335000,
      "minimum_us_per_batch_call": 1529.852625,
      "maximum_us_per_batch_call": 1632.210000,
      "samples_us_per_batch_call": [1632.210000, 1529.852625, 1547.114000, 1533.620125, 1540.160250, 1548.971500, 1539.522750, 1552.434125, 1544.857750],
      "input_GB_per_s": 8.484406,
      "parity_output_GB_per_s": 2.121101
    },
    "decode_plan_setup": {
      "median_us": 11.111000,
      "mad_us": 0.021000,
      "minimum_us": 11.090000,
      "maximum_us": 14.950000,
      "samples_us": [14.950000, 11.690000, 11.240000, 11.150000, 11.110000, 11.100000, 11.111000, 11.090000, 11.090000]
    },
    "decode_execution": {
      "median_us_per_batch_call": 4030.546250,
      "mad_us_per_batch_call": 17.083750,
      "minimum_us_per_batch_call": 3986.428250,
      "maximum_us_per_batch_call": 4239.183750,
      "samples_us_per_batch_call": [4239.183750, 4030.546250, 4022.606250, 3997.487125, 4013.462500, 4051.314000, 4047.529000, 4039.332750, 3986.428250],
      "offered_received_GB_per_s": 3.934879,
      "repaired_output_GB_per_s": 0.130079
    },
    "decode_amortized_at_reuse": {
      "reuse_count": 8,
      "derived_median_us_per_batch_call": 4031.935125,
      "offered_received_GB_per_s": 3.933524,
      "repaired_output_GB_per_s": 0.130034
    },
    "rate_semantics": "offered_received counts all non-null shard pointers supplied; a plan may read a deterministic subset"
  },
  "legacy": {
    "available": false,
    "unavailable_reason": "disabled by --skip-legacy",
    "codec_setup": null,
    "decode_timing_includes_setup": true,
    "encode_execution": null,
    "decode_including_setup": null
  }
}
