{
  "schema": "leopard2-benchmark-v2",
  "build": {
    "compiler": "gcc",
    "compiler_version": "13.3.0",
    "cplusplus": 201103
  },
  "parameters": {
    "K": 200,
    "R": 50,
    "requested_profile": "legacy_high_v1",
    "requested_field": "auto",
    "requested_backend": "auto",
    "force_generic_decode": false,
    "force_specialized_decode": false,
    "skip_legacy": true,
    "retain_samples": true,
    "shard_bytes": 65536,
    "loss_count": 8,
    "missing_original_indices": [2, 24, 40, 84, 88, 96, 129, 137],
    "batch": 1,
    "reuse": 8,
    "iterations": 9,
    "warmup": 2,
    "thread_count": 1,
    "seed": 113
  },
  "resolved": {
    "profile": "legacy_high_v1",
    "field": "gf16",
    "backend": "avx2",
    "thread_count": 1,
    "parent_count": 512,
    "padded_side": 64
  },
  "correctness": {
    "leopard2_round_trip": true,
    "legacy_comparison": null
  },
  "workload_digests": {
    "algorithm": "fnv1a64",
    "original_data": "f7d5d0ee6de3a13e",
    "transmitted_parity": "412980fc1e6c348a",
    "recovered_originals": "156d6b9fdeb8daff"
  },
  "memory": {
    "scratch_alignment": 64,
    "encode_scratch_bytes_per_stripe": 8395264,
    "decode_scratch_bytes_per_stripe": 49953856,
    "encode_scratch_bytes_batch": 8395264,
    "decode_scratch_bytes_batch": 49953856
  },
  "metrics": {
    "codec_setup": {
      "median_us": 3.950000,
      "mad_us": 0.010000,
      "minimum_us": 3.940000,
      "maximum_us": 8.740000,
      "samples_us": [8.740000, 4.001000, 3.960000, 3.950000, 3.950000, 3.940000, 3.950000, 3.940000, 3.940000]
    },
    "encode_execution": {
      "median_us_per_batch_call": 1534.631375,
      "mad_us_per_batch_call": 3.573750,
      "minimum_us_per_batch_call": 1526.768875,
      "maximum_us_per_batch_call": 1646.272625,
      "samples_us_per_batch_call": [1646.272625, 1526.768875, 1538.165125, 1534.631375, 1531.070125, 1544.029000, 1532.105125, 1531.057625, 1549.309000],
      "input_GB_per_s": 8.540944,
      "parity_output_GB_per_s": 2.135236
    },
    "decode_plan_setup": {
      "median_us": 11.140000,
      "mad_us": 0.020000,
      "minimum_us": 11.110000,
      "maximum_us": 14.690000,
      "samples_us": [14.690000, 11.720000, 11.210000, 11.130000, 11.141000, 11.140000, 11.120000, 11.110000, 11.120000]
    },
    "decode_execution": {
      "median_us_per_batch_call": 4049.702875,
      "mad_us_per_batch_call": 33.303000,
      "minimum_us_per_batch_call": 3987.054500,
      "maximum_us_per_batch_call": 4219.018500,
      "samples_us_per_batch_call": [4219.018500, 4016.399875, 4004.537375, 4048.022750, 3987.054500, 4049.702875, 4058.877875, 4069.554250, 4091.238250],
      "offered_received_GB_per_s": 3.916266,
      "repaired_output_GB_per_s": 0.129463
    },
    "decode_amortized_at_reuse": {
      "reuse_count": 8,
      "derived_median_us_per_batch_call": 4051.095375,
      "offered_received_GB_per_s": 3.914919,
      "repaired_output_GB_per_s": 0.129419
    },
    "rate_semantics": "offered_received counts all non-null shard pointers supplied; a plan may read a deterministic subset"
  },
  "legacy": {
    "available": false,
    "unavailable_reason": "disabled by --skip-legacy",
    "codec_setup": null,
    "decode_timing_includes_setup": true,
    "encode_execution": null,
    "decode_including_setup": null
  }
}
