{
  "schema": "leopard-main-benchmark-v1",
  "build": {
    "main_source_commit": "6e5725ebdf9da4370b0bcc4f70fa8eb66f4e6198",
    "cplusplus": 201103
  },
  "parameters": {
    "K": 200,
    "R": 50,
    "shard_bytes": 65536,
    "loss_count": 8,
    "missing_original_indices": [2, 24, 40, 84, 88, 96, 129, 137],
    "batch": 1,
    "reuse": 8,
    "iterations": 9,
    "warmup": 2,
    "thread_count": 1,
    "seed": 113
  },
  "resolved": {
    "profile": "legacy_high_v1",
    "field": "gf16",
    "thread_count": 1,
    "parent_count": 512,
    "padded_side": 64
  },
  "correctness": {"round_trip": true},
  "workload_digests": {
    "algorithm": "fnv1a64",
    "original_data": "f7d5d0ee6de3a13e",
    "transmitted_parity": "412980fc1e6c348a",
    "recovered_originals": "156d6b9fdeb8daff"
  },
  "memory": {
    "alignment": 64,
    "encode_work_shards_per_stripe": 128,
    "decode_work_shards_per_stripe": 512,
    "encode_work_bytes_batch": 8388608,
    "decode_work_bytes_batch": 33554432
  },
  "metrics": {
    "codec_setup": null,
    "decode_timing_includes_setup": true,
    "encode_execution": {
      "median_us_per_batch_call": 1387.427250,
      "mad_us_per_batch_call": 5.300125,
      "minimum_us_per_batch_call": 1382.127125,
      "maximum_us_per_batch_call": 1465.619250,
      "samples_us_per_batch_call": [1465.619250, 1387.427250, 1400.448625, 1382.127125, 1386.443375, 1405.001125, 1386.894750, 1385.054625, 1406.474875],
      "input_GB_per_s": 9.447126,
      "parity_output_GB_per_s": 2.361781
    },
    "decode_including_setup": {
      "median_us_per_batch_call": 6730.652250,
      "mad_us_per_batch_call": 24.636375,
      "minimum_us_per_batch_call": 6702.999500,
      "maximum_us_per_batch_call": 6800.960625,
      "samples_us_per_batch_call": [6793.934250, 6754.913875, 6706.015875, 6800.960625, 6702.999500, 6725.233625, 6730.652250, 6777.396625, 6726.374875],
      "offered_received_GB_per_s": 2.356341,
      "repaired_output_GB_per_s": 0.077896
    },
    "rate_semantics": "offered_received counts every non-null original and all R supplied parity shards"
  }
}
