{
  "schema": "leopard2-benchmark-v2",
  "build": {
    "compiler": "gcc",
    "compiler_version": "13.3.0",
    "cplusplus": 201103
  },
  "parameters": {
    "K": 200,
    "R": 50,
    "requested_profile": "legacy_high_v1",
    "requested_field": "auto",
    "requested_backend": "auto",
    "force_generic_decode": false,
    "force_specialized_decode": false,
    "skip_legacy": true,
    "retain_samples": true,
    "shard_bytes": 65536,
    "loss_count": 8,
    "missing_original_indices": [2, 24, 40, 84, 88, 96, 129, 137],
    "batch": 1,
    "reuse": 8,
    "iterations": 9,
    "warmup": 2,
    "thread_count": 1,
    "seed": 113
  },
  "resolved": {
    "profile": "legacy_high_v1",
    "field": "gf16",
    "backend": "avx2",
    "thread_count": 1,
    "parent_count": 512,
    "padded_side": 64
  },
  "correctness": {
    "leopard2_round_trip": true,
    "legacy_comparison": null
  },
  "workload_digests": {
    "algorithm": "fnv1a64",
    "original_data": "f7d5d0ee6de3a13e",
    "transmitted_parity": "412980fc1e6c348a",
    "recovered_originals": "156d6b9fdeb8daff"
  },
  "memory": {
    "scratch_alignment": 64,
    "encode_scratch_bytes_per_stripe": 8395264,
    "decode_scratch_bytes_per_stripe": 49953856,
    "encode_scratch_bytes_batch": 8395264,
    "decode_scratch_bytes_batch": 49953856
  },
  "metrics": {
    "codec_setup": {
      "median_us": 3.940000,
      "mad_us": 0.010000,
      "minimum_us": 3.910000,
      "maximum_us": 8.660000,
      "samples_us": [8.660000, 3.990000, 3.950000, 3.940000, 3.930000, 3.940000, 3.910000, 3.950000, 3.930000]
    },
    "encode_execution": {
      "median_us_per_batch_call": 1530.855125,
      "mad_us_per_batch_call": 1.550125,
      "minimum_us_per_batch_call": 1524.840000,
      "maximum_us_per_batch_call": 1627.231250,
      "samples_us_per_batch_call": [1627.231250, 1524.840000, 1528.315125, 1531.487500, 1528.057625, 1532.182625, 1530.855125, 1529.305000, 1532.090125],
      "input_GB_per_s": 8.562012,
      "parity_output_GB_per_s": 2.140503
    },
    "decode_plan_setup": {
      "median_us": 11.110000,
      "mad_us": 0.020000,
      "minimum_us": 11.061000,
      "maximum_us": 14.750000,
      "samples_us": [14.750000, 11.661000, 11.210000, 11.120000, 11.110000, 11.090000, 11.090000, 11.100000, 11.061000]
    },
    "decode_execution": {
      "median_us_per_batch_call": 4047.854000,
      "mad_us_per_batch_call": 30.125250,
      "minimum_us_per_batch_call": 4007.677375,
      "maximum_us_per_batch_call": 4280.385500,
      "samples_us_per_batch_call": [4280.385500, 4076.843125, 4068.675500, 4034.096375, 4087.287000, 4047.854000, 4017.728750, 4017.372375, 4007.677375],
      "offered_received_GB_per_s": 3.918054,
      "repaired_output_GB_per_s": 0.129522
    },
    "decode_amortized_at_reuse": {
      "reuse_count": 8,
      "derived_median_us_per_batch_call": 4049.242750,
      "offered_received_GB_per_s": 3.916711,
      "repaired_output_GB_per_s": 0.129478
    },
    "rate_semantics": "offered_received counts all non-null shard pointers supplied; a plan may read a deterministic subset"
  },
  "legacy": {
    "available": false,
    "unavailable_reason": "disabled by --skip-legacy",
    "codec_setup": null,
    "decode_timing_includes_setup": true,
    "encode_execution": null,
    "decode_including_setup": null
  }
}
