{
  "schema": "leopard-main-benchmark-v1",
  "build": {
    "main_source_commit": "6e5725ebdf9da4370b0bcc4f70fa8eb66f4e6198",
    "cplusplus": 201103
  },
  "parameters": {
    "K": 200,
    "R": 50,
    "shard_bytes": 65536,
    "loss_count": 8,
    "missing_original_indices": [2, 24, 40, 84, 88, 96, 129, 137],
    "batch": 1,
    "reuse": 8,
    "iterations": 9,
    "warmup": 2,
    "thread_count": 1,
    "seed": 113
  },
  "resolved": {
    "profile": "legacy_high_v1",
    "field": "gf16",
    "thread_count": 1,
    "parent_count": 512,
    "padded_side": 64
  },
  "correctness": {"round_trip": true},
  "workload_digests": {
    "algorithm": "fnv1a64",
    "original_data": "f7d5d0ee6de3a13e",
    "transmitted_parity": "412980fc1e6c348a",
    "recovered_originals": "156d6b9fdeb8daff"
  },
  "memory": {
    "alignment": 64,
    "encode_work_shards_per_stripe": 128,
    "decode_work_shards_per_stripe": 512,
    "encode_work_bytes_batch": 8388608,
    "decode_work_bytes_batch": 33554432
  },
  "metrics": {
    "codec_setup": null,
    "decode_timing_includes_setup": true,
    "encode_execution": {
      "median_us_per_batch_call": 1383.953375,
      "mad_us_per_batch_call": 2.085125,
      "minimum_us_per_batch_call": 1379.414625,
      "maximum_us_per_batch_call": 1462.710625,
      "samples_us_per_batch_call": [1462.710625, 1379.414625, 1380.279625, 1384.073375, 1382.504625, 1381.543375, 1386.038500, 1383.953375, 1384.022125],
      "input_GB_per_s": 9.470839,
      "parity_output_GB_per_s": 2.367710
    },
    "decode_including_setup": {
      "median_us_per_batch_call": 6646.432625,
      "mad_us_per_batch_call": 7.010125,
      "minimum_us_per_batch_call": 6639.422500,
      "maximum_us_per_batch_call": 6845.698750,
      "samples_us_per_batch_call": [6845.698750, 6665.966625, 6642.550125, 6644.505125, 6646.432625, 6659.746625, 6646.301375, 6639.422500, 6668.157875],
      "offered_received_GB_per_s": 2.386199,
      "repaired_output_GB_per_s": 0.078883
    },
    "rate_semantics": "offered_received counts every non-null original and all R supplied parity shards"
  }
}
