{
  "schema": "leopard2-benchmark-v2",
  "build": {
    "compiler": "gcc",
    "compiler_version": "13.3.0",
    "cplusplus": 201103
  },
  "parameters": {
    "K": 240,
    "R": 16,
    "requested_profile": "legacy_high_v1",
    "requested_field": "auto",
    "requested_backend": "auto",
    "force_generic_decode": false,
    "force_specialized_decode": false,
    "skip_legacy": true,
    "retain_samples": true,
    "shard_bytes": 65536,
    "loss_count": 16,
    "missing_original_indices": [6, 29, 42, 46, 67, 78, 80, 87, 113, 149, 175, 186, 194, 231, 233, 236],
    "batch": 1,
    "reuse": 8,
    "iterations": 9,
    "warmup": 2,
    "thread_count": 1,
    "seed": 107
  },
  "resolved": {
    "profile": "legacy_high_v1",
    "field": "gf8",
    "backend": "avx2",
    "thread_count": 1,
    "parent_count": 256,
    "padded_side": 16
  },
  "correctness": {
    "leopard2_round_trip": true,
    "legacy_comparison": null
  },
  "workload_digests": {
    "algorithm": "fnv1a64",
    "original_data": "e280209877a0905b",
    "transmitted_parity": "26b81bb8780e581f",
    "recovered_originals": "5253e7831ec8f0b3"
  },
  "memory": {
    "scratch_alignment": 64,
    "encode_scratch_bytes_per_stripe": 2103424,
    "decode_scratch_bytes_per_stripe": 33566464,
    "encode_scratch_bytes_batch": 2103424,
    "decode_scratch_bytes_batch": 33566464
  },
  "metrics": {
    "codec_setup": {
      "median_us": 0.340000,
      "mad_us": 0.000000,
      "minimum_us": 0.330000,
      "maximum_us": 2.230000,
      "samples_us": [2.230000, 0.370000, 0.340000, 0.340000, 0.330000, 0.340000, 0.340000, 0.340000, 0.330000]
    },
    "encode_execution": {
      "median_us_per_batch_call": 934.877000,
      "mad_us_per_batch_call": 1.552500,
      "minimum_us_per_batch_call": 928.399375,
      "maximum_us_per_batch_call": 1065.943500,
      "samples_us_per_batch_call": [1065.943500, 976.535000, 936.425750, 928.399375, 929.445750, 933.324500, 935.409500, 934.877000, 934.425750],
      "input_GB_per_s": 16.824288,
      "parity_output_GB_per_s": 1.121619
    },
    "decode_plan_setup": {
      "median_us": 1.360000,
      "mad_us": 0.030000,
      "minimum_us": 1.330000,
      "maximum_us": 5.461000,
      "samples_us": [5.461000, 1.970000, 1.440000, 1.420000, 1.360000, 1.350000, 1.340000, 1.340000, 1.330000]
    },
    "decode_execution": {
      "median_us_per_batch_call": 2309.200250,
      "mad_us_per_batch_call": 8.816500,
      "minimum_us_per_batch_call": 2293.416375,
      "maximum_us_per_batch_call": 2485.147375,
      "samples_us_per_batch_call": [2485.147375, 2309.200250, 2318.016750, 2298.131500, 2311.785250, 2293.416375, 2316.883000, 2304.059000, 2294.198875],
      "offered_received_GB_per_s": 6.811293,
      "repaired_output_GB_per_s": 0.454086
    },
    "decode_amortized_at_reuse": {
      "reuse_count": 8,
      "derived_median_us_per_batch_call": 2309.370250,
      "offered_received_GB_per_s": 6.810792,
      "repaired_output_GB_per_s": 0.454053
    },
    "rate_semantics": "offered_received counts all non-null shard pointers supplied; a plan may read a deterministic subset"
  },
  "legacy": {
    "available": false,
    "unavailable_reason": "disabled by --skip-legacy",
    "codec_setup": null,
    "decode_timing_includes_setup": true,
    "encode_execution": null,
    "decode_including_setup": null
  }
}
