{
  "schema": "leopard-main-benchmark-v1",
  "build": {
    "main_source_commit": "6e5725ebdf9da4370b0bcc4f70fa8eb66f4e6198",
    "cplusplus": 201103
  },
  "parameters": {
    "K": 240,
    "R": 16,
    "shard_bytes": 65536,
    "loss_count": 16,
    "missing_original_indices": [6, 29, 42, 46, 67, 78, 80, 87, 113, 149, 175, 186, 194, 231, 233, 236],
    "batch": 1,
    "reuse": 8,
    "iterations": 9,
    "warmup": 2,
    "thread_count": 1,
    "seed": 107
  },
  "resolved": {
    "profile": "legacy_high_v1",
    "field": "gf8",
    "thread_count": 1,
    "parent_count": 256,
    "padded_side": 16
  },
  "correctness": {"round_trip": true},
  "workload_digests": {
    "algorithm": "fnv1a64",
    "original_data": "e280209877a0905b",
    "transmitted_parity": "26b81bb8780e581f",
    "recovered_originals": "5253e7831ec8f0b3"
  },
  "memory": {
    "alignment": 64,
    "encode_work_shards_per_stripe": 32,
    "decode_work_shards_per_stripe": 256,
    "encode_work_bytes_batch": 2097152,
    "decode_work_bytes_batch": 16777216
  },
  "metrics": {
    "codec_setup": null,
    "decode_timing_includes_setup": true,
    "encode_execution": {
      "median_us_per_batch_call": 691.686750,
      "mad_us_per_batch_call": 1.706250,
      "minimum_us_per_batch_call": 689.866750,
      "maximum_us_per_batch_call": 725.625750,
      "samples_us_per_batch_call": [725.625750, 693.393000, 695.153000, 689.866750, 691.270375, 691.153000, 691.504125, 691.686750, 695.669250],
      "input_GB_per_s": 22.739542,
      "parity_output_GB_per_s": 1.515969
    },
    "decode_including_setup": {
      "median_us_per_batch_call": 2293.057625,
      "mad_us_per_batch_call": 2.223750,
      "minimum_us_per_batch_call": 2286.318750,
      "maximum_us_per_batch_call": 2426.994250,
      "samples_us_per_batch_call": [2426.994250, 2290.833875, 2288.526250, 2294.337750, 2286.318750, 2293.057625, 2287.727625, 2293.058875, 2294.122625],
      "offered_received_GB_per_s": 6.859243,
      "repaired_output_GB_per_s": 0.457283
    },
    "rate_semantics": "offered_received counts every non-null original and all R supplied parity shards"
  }
}
