{
  "schema": "leopard2-benchmark-v2",
  "build": {
    "compiler": "gcc",
    "compiler_version": "13.3.0",
    "cplusplus": 201103
  },
  "parameters": {
    "K": 1000,
    "R": 200,
    "requested_profile": "legacy_high_v1",
    "requested_field": "auto",
    "requested_backend": "auto",
    "force_generic_decode": false,
    "force_specialized_decode": false,
    "skip_legacy": true,
    "retain_samples": true,
    "shard_bytes": 65536,
    "loss_count": 1,
    "missing_original_indices": [727],
    "batch": 1,
    "reuse": 8,
    "iterations": 9,
    "warmup": 2,
    "thread_count": 1,
    "seed": 127
  },
  "resolved": {
    "profile": "legacy_high_v1",
    "field": "gf16",
    "backend": "avx2",
    "thread_count": 1,
    "parent_count": 2048,
    "padded_side": 256
  },
  "correctness": {
    "leopard2_round_trip": true,
    "legacy_comparison": null
  },
  "workload_digests": {
    "algorithm": "fnv1a64",
    "original_data": "a9b73f287cdc7964",
    "transmitted_parity": "a9af0349ff11dc1e",
    "recovered_originals": "10a08ad84bf2810b"
  },
  "memory": {
    "scratch_alignment": 64,
    "encode_scratch_bytes_per_stripe": 33585728,
    "decode_scratch_bytes_per_stripe": 212928896,
    "encode_scratch_bytes_batch": 33585728,
    "decode_scratch_bytes_batch": 212928896
  },
  "metrics": {
    "codec_setup": {
      "median_us": 3.390000,
      "mad_us": 0.010000,
      "minimum_us": 3.380000,
      "maximum_us": 9.750000,
      "samples_us": [9.750000, 3.500000, 3.390000, 3.390000, 3.380000, 3.400000, 3.400000, 3.390000, 3.380000]
    },
    "encode_execution": {
      "median_us_per_batch_call": 10538.784625,
      "mad_us_per_batch_call": 32.862875,
      "minimum_us_per_batch_call": 10455.854875,
      "maximum_us_per_batch_call": 10633.915750,
      "samples_us_per_batch_call": [10633.915750, 10571.647500, 10547.594625, 10499.589125, 10490.276500, 10538.784625, 10513.733000, 10455.854875, 10540.569625],
      "input_GB_per_s": 6.218554,
      "parity_output_GB_per_s": 1.243711
    },
    "decode_plan_setup": {
      "median_us": 196.762000,
      "mad_us": 0.470000,
      "minimum_us": 195.422000,
      "maximum_us": 204.033000,
      "samples_us": [204.033000, 195.422000, 196.292000, 197.022000, 199.612000, 196.803000, 196.762000, 196.462000, 195.983000]
    },
    "decode_execution": {
      "median_us_per_batch_call": 25311.551375,
      "mad_us_per_batch_call": 44.830500,
      "minimum_us_per_batch_call": 25259.902125,
      "maximum_us_per_batch_call": 25447.468000,
      "samples_us_per_batch_call": [25259.902125, 25307.398875, 25447.468000, 25299.461250, 25439.144125, 25312.129000, 25266.720875, 25311.551375, 25403.502500],
      "offered_received_GB_per_s": 3.104419,
      "repaired_output_GB_per_s": 0.002589
    },
    "decode_amortized_at_reuse": {
      "reuse_count": 8,
      "derived_median_us_per_batch_call": 25336.146625,
      "offered_received_GB_per_s": 3.101405,
      "repaired_output_GB_per_s": 0.002587
    },
    "rate_semantics": "offered_received counts all non-null shard pointers supplied; a plan may read a deterministic subset"
  },
  "legacy": {
    "available": false,
    "unavailable_reason": "disabled by --skip-legacy",
    "codec_setup": null,
    "decode_timing_includes_setup": true,
    "encode_execution": null,
    "decode_including_setup": null
  }
}
