{
  "schema": "leopard-main-benchmark-v1",
  "build": {
    "main_source_commit": "6e5725ebdf9da4370b0bcc4f70fa8eb66f4e6198",
    "cplusplus": 201103
  },
  "parameters": {
    "K": 1000,
    "R": 200,
    "shard_bytes": 65536,
    "loss_count": 1,
    "missing_original_indices": [727],
    "batch": 1,
    "reuse": 8,
    "iterations": 9,
    "warmup": 2,
    "thread_count": 1,
    "seed": 127
  },
  "resolved": {
    "profile": "legacy_high_v1",
    "field": "gf16",
    "thread_count": 1,
    "parent_count": 2048,
    "padded_side": 256
  },
  "correctness": {"round_trip": true},
  "workload_digests": {
    "algorithm": "fnv1a64",
    "original_data": "a9b73f287cdc7964",
    "transmitted_parity": "a9af0349ff11dc1e",
    "recovered_originals": "10a08ad84bf2810b"
  },
  "memory": {
    "alignment": 64,
    "encode_work_shards_per_stripe": 512,
    "decode_work_shards_per_stripe": 2048,
    "encode_work_bytes_batch": 33554432,
    "decode_work_bytes_batch": 134217728
  },
  "metrics": {
    "codec_setup": null,
    "decode_timing_includes_setup": true,
    "encode_execution": {
      "median_us_per_batch_call": 9358.349875,
      "mad_us_per_batch_call": 13.587625,
      "minimum_us_per_batch_call": 9335.960875,
      "maximum_us_per_batch_call": 9497.939000,
      "samples_us_per_batch_call": [9497.939000, 9360.847375, 9338.279625, 9359.351125, 9344.762250, 9390.855250, 9351.712250, 9358.349875, 9335.960875],
      "input_GB_per_s": 7.002944,
      "parity_output_GB_per_s": 1.400589
    },
    "decode_including_setup": {
      "median_us_per_batch_call": 51887.026500,
      "mad_us_per_batch_call": 130.775250,
      "minimum_us_per_batch_call": 51649.322625,
      "maximum_us_per_batch_call": 52164.150750,
      "samples_us_per_batch_call": [51649.322625, 51862.001250, 52017.801750, 52149.137000, 51703.469375, 51763.991375, 52164.150750, 51887.026500, 51899.491500],
      "offered_received_GB_per_s": 1.514399,
      "repaired_output_GB_per_s": 0.001263
    },
    "rate_semantics": "offered_received counts every non-null original and all R supplied parity shards"
  }
}
