{
  "schema": "leopard2-benchmark-v2",
  "build": {
    "compiler": "gcc",
    "compiler_version": "13.3.0",
    "cplusplus": 201103
  },
  "parameters": {
    "K": 1000,
    "R": 200,
    "requested_profile": "legacy_high_v1",
    "requested_field": "auto",
    "requested_backend": "auto",
    "force_generic_decode": false,
    "force_specialized_decode": false,
    "skip_legacy": true,
    "retain_samples": true,
    "shard_bytes": 65536,
    "loss_count": 1,
    "missing_original_indices": [727],
    "batch": 1,
    "reuse": 8,
    "iterations": 9,
    "warmup": 2,
    "thread_count": 1,
    "seed": 127
  },
  "resolved": {
    "profile": "legacy_high_v1",
    "field": "gf16",
    "backend": "avx2",
    "thread_count": 1,
    "parent_count": 2048,
    "padded_side": 256
  },
  "correctness": {
    "leopard2_round_trip": true,
    "legacy_comparison": null
  },
  "workload_digests": {
    "algorithm": "fnv1a64",
    "original_data": "a9b73f287cdc7964",
    "transmitted_parity": "a9af0349ff11dc1e",
    "recovered_originals": "10a08ad84bf2810b"
  },
  "memory": {
    "scratch_alignment": 64,
    "encode_scratch_bytes_per_stripe": 33585728,
    "decode_scratch_bytes_per_stripe": 212928896,
    "encode_scratch_bytes_batch": 33585728,
    "decode_scratch_bytes_batch": 212928896
  },
  "metrics": {
    "codec_setup": {
      "median_us": 3.340000,
      "mad_us": 0.010000,
      "minimum_us": 3.320000,
      "maximum_us": 9.840000,
      "samples_us": [9.840000, 3.450000, 3.350000, 3.350000, 3.340000, 3.330000, 3.320000, 3.330000, 3.330000]
    },
    "encode_execution": {
      "median_us_per_batch_call": 10601.790375,
      "mad_us_per_batch_call": 49.399375,
      "minimum_us_per_batch_call": 10503.099250,
      "maximum_us_per_batch_call": 10853.132000,
      "samples_us_per_batch_call": [10768.032250, 10853.132000, 10660.163500, 10552.391000, 10598.659000, 10600.685375, 10503.099250, 10602.004000, 10601.790375],
      "input_GB_per_s": 6.181597,
      "parity_output_GB_per_s": 1.236319
    },
    "decode_plan_setup": {
      "median_us": 196.582000,
      "mad_us": 0.680000,
      "minimum_us": 195.822000,
      "maximum_us": 204.242000,
      "samples_us": [204.242000, 196.813000, 196.582000, 198.572000, 196.472000, 196.493000, 195.902000, 195.822000, 197.863000]
    },
    "decode_execution": {
      "median_us_per_batch_call": 25432.785375,
      "mad_us_per_batch_call": 28.250375,
      "minimum_us_per_batch_call": 25404.535000,
      "maximum_us_per_batch_call": 25481.812125,
      "samples_us_per_batch_call": [25432.149125, 25424.989125, 25468.835750, 25467.943375, 25407.996375, 25432.785375, 25481.812125, 25471.018375, 25404.535000],
      "offered_received_GB_per_s": 3.089621,
      "repaired_output_GB_per_s": 0.002577
    },
    "decode_amortized_at_reuse": {
      "reuse_count": 8,
      "derived_median_us_per_batch_call": 25457.358125,
      "offered_received_GB_per_s": 3.086639,
      "repaired_output_GB_per_s": 0.002574
    },
    "rate_semantics": "offered_received counts all non-null shard pointers supplied; a plan may read a deterministic subset"
  },
  "legacy": {
    "available": false,
    "unavailable_reason": "disabled by --skip-legacy",
    "codec_setup": null,
    "decode_timing_includes_setup": true,
    "encode_execution": null,
    "decode_including_setup": null
  }
}
