{
  "schema": "leopard-main-benchmark-v1",
  "build": {
    "main_source_commit": "6e5725ebdf9da4370b0bcc4f70fa8eb66f4e6198",
    "cplusplus": 201103
  },
  "parameters": {
    "K": 1000,
    "R": 200,
    "shard_bytes": 65536,
    "loss_count": 1,
    "missing_original_indices": [727],
    "batch": 1,
    "reuse": 8,
    "iterations": 9,
    "warmup": 2,
    "thread_count": 1,
    "seed": 127
  },
  "resolved": {
    "profile": "legacy_high_v1",
    "field": "gf16",
    "thread_count": 1,
    "parent_count": 2048,
    "padded_side": 256
  },
  "correctness": {"round_trip": true},
  "workload_digests": {
    "algorithm": "fnv1a64",
    "original_data": "a9b73f287cdc7964",
    "transmitted_parity": "a9af0349ff11dc1e",
    "recovered_originals": "10a08ad84bf2810b"
  },
  "memory": {
    "alignment": 64,
    "encode_work_shards_per_stripe": 512,
    "decode_work_shards_per_stripe": 2048,
    "encode_work_bytes_batch": 33554432,
    "decode_work_bytes_batch": 134217728
  },
  "metrics": {
    "codec_setup": null,
    "decode_timing_includes_setup": true,
    "encode_execution": {
      "median_us_per_batch_call": 9340.558250,
      "mad_us_per_batch_call": 11.264000,
      "minimum_us_per_batch_call": 9321.991875,
      "maximum_us_per_batch_call": 9450.344625,
      "samples_us_per_batch_call": [9450.344625, 9324.026875, 9351.822250, 9339.224500, 9364.283625, 9340.558250, 9321.991875, 9341.619625, 9331.508125],
      "input_GB_per_s": 7.016283,
      "parity_output_GB_per_s": 1.403257
    },
    "decode_including_setup": {
      "median_us_per_batch_call": 51037.677500,
      "mad_us_per_batch_call": 209.803750,
      "minimum_us_per_batch_call": 50767.029125,
      "maximum_us_per_batch_call": 51324.029500,
      "samples_us_per_batch_call": [51324.029500, 51287.454125, 51310.416750, 51037.677500, 50827.873750, 50829.789875, 50977.600500, 51106.045625, 50767.029125],
      "offered_received_GB_per_s": 1.539601,
      "repaired_output_GB_per_s": 0.001284
    },
    "rate_semantics": "offered_received counts every non-null original and all R supplied parity shards"
  }
}
