{
  "schema": "leopard2-benchmark-v2",
  "build": {
    "compiler": "gcc",
    "compiler_version": "13.3.0",
    "cplusplus": 201103
  },
  "parameters": {
    "K": 128,
    "R": 128,
    "requested_profile": "legacy_high_v1",
    "requested_field": "auto",
    "requested_backend": "auto",
    "force_generic_decode": false,
    "force_specialized_decode": false,
    "skip_legacy": true,
    "retain_samples": true,
    "shard_bytes": 65536,
    "loss_count": 128,
    "missing_original_indices": [0, 1, 2, 3, 4, 5, 6, 7, 8, 9, 10, 11, 12, 13, 14, 15, 16, 17, 18, 19, 20, 21, 22, 23, 24, 25, 26, 27, 28, 29, 30, 31, 32, 33, 34, 35, 36, 37, 38, 39, 40, 41, 42, 43, 44, 45, 46, 47, 48, 49, 50, 51, 52, 53, 54, 55, 56, 57, 58, 59, 60, 61, 62, 63, 64, 65, 66, 67, 68, 69, 70, 71, 72, 73, 74, 75, 76, 77, 78, 79, 80, 81, 82, 83, 84, 85, 86, 87, 88, 89, 90, 91, 92, 93, 94, 95, 96, 97, 98, 99, 100, 101, 102, 103, 104, 105, 106, 107, 108, 109, 110, 111, 112, 113, 114, 115, 116, 117, 118, 119, 120, 121, 122, 123, 124, 125, 126, 127],
    "batch": 1,
    "reuse": 8,
    "iterations": 9,
    "warmup": 2,
    "thread_count": 1,
    "seed": 109
  },
  "resolved": {
    "profile": "legacy_high_v1",
    "field": "gf8",
    "backend": "avx2",
    "thread_count": 1,
    "parent_count": 256,
    "padded_side": 128
  },
  "correctness": {
    "leopard2_round_trip": true,
    "legacy_comparison": null
  },
  "workload_digests": {
    "algorithm": "fnv1a64",
    "original_data": "d1f552cf619ac882",
    "transmitted_parity": "1c10e55ffac6c83e",
    "recovered_originals": "d1f552cf619ac882"
  },
  "memory": {
    "scratch_alignment": 64,
    "encode_scratch_bytes_per_stripe": 16784384,
    "decode_scratch_bytes_per_stripe": 33564672,
    "encode_scratch_bytes_batch": 16784384,
    "decode_scratch_bytes_batch": 33564672
  },
  "metrics": {
    "codec_setup": {
      "median_us": 0.300000,
      "mad_us": 0.000000,
      "minimum_us": 0.290000,
      "maximum_us": 2.060000,
      "samples_us": [2.060000, 0.320000, 0.300000, 0.300000, 0.290000, 0.300000, 0.300000, 0.290000, 0.300000]
    },
    "encode_execution": {
      "median_us_per_batch_call": 922.519375,
      "mad_us_per_batch_call": 0.426250,
      "minimum_us_per_batch_call": 921.309375,
      "maximum_us_per_batch_call": 1068.244875,
      "samples_us_per_batch_call": [1068.244875, 937.215750, 921.309375, 922.093125, 922.753000, 924.712000, 922.519375, 922.228000, 922.258125],
      "input_GB_per_s": 9.093151,
      "parity_output_GB_per_s": 9.093151
    },
    "decode_plan_setup": {
      "median_us": 1.940000,
      "mad_us": 0.020000,
      "minimum_us": 1.920000,
      "maximum_us": 5.940000,
      "samples_us": [5.940000, 2.300000, 1.990000, 1.940000, 1.960000, 1.921000, 1.930000, 1.920000, 1.930000]
    },
    "decode_execution": {
      "median_us_per_batch_call": 3660.600875,
      "mad_us_per_batch_call": 25.391500,
      "minimum_us_per_batch_call": 3621.935500,
      "maximum_us_per_batch_call": 3734.236625,
      "samples_us_per_batch_call": [3731.393000, 3685.992375, 3667.390875, 3621.935500, 3660.600875, 3652.083250, 3734.236625, 3655.245875, 3631.174250],
      "offered_received_GB_per_s": 2.291593,
      "repaired_output_GB_per_s": 2.291593
    },
    "decode_amortized_at_reuse": {
      "reuse_count": 8,
      "derived_median_us_per_batch_call": 3660.843375,
      "offered_received_GB_per_s": 2.291441,
      "repaired_output_GB_per_s": 2.291441
    },
    "rate_semantics": "offered_received counts all non-null shard pointers supplied; a plan may read a deterministic subset"
  },
  "legacy": {
    "available": false,
    "unavailable_reason": "disabled by --skip-legacy",
    "codec_setup": null,
    "decode_timing_includes_setup": true,
    "encode_execution": null,
    "decode_including_setup": null
  }
}
