{
  "schema": "leopard2-benchmark-v2",
  "build": {
    "compiler": "gcc",
    "compiler_version": "13.3.0",
    "cplusplus": 201103
  },
  "parameters": {
    "K": 1000,
    "R": 200,
    "requested_profile": "legacy_high_v1",
    "requested_field": "auto",
    "requested_backend": "auto",
    "force_generic_decode": false,
    "force_specialized_decode": false,
    "skip_legacy": true,
    "retain_samples": true,
    "shard_bytes": 65536,
    "loss_count": 1,
    "missing_original_indices": [727],
    "batch": 1,
    "reuse": 8,
    "iterations": 9,
    "warmup": 2,
    "thread_count": 1,
    "seed": 127
  },
  "resolved": {
    "profile": "legacy_high_v1",
    "field": "gf16",
    "backend": "avx2",
    "thread_count": 1,
    "parent_count": 2048,
    "padded_side": 256
  },
  "correctness": {
    "leopard2_round_trip": true,
    "legacy_comparison": null
  },
  "workload_digests": {
    "algorithm": "fnv1a64",
    "original_data": "a9b73f287cdc7964",
    "transmitted_parity": "a9af0349ff11dc1e",
    "recovered_originals": "10a08ad84bf2810b"
  },
  "memory": {
    "scratch_alignment": 64,
    "encode_scratch_bytes_per_stripe": 33585728,
    "decode_scratch_bytes_per_stripe": 212928896,
    "encode_scratch_bytes_batch": 33585728,
    "decode_scratch_bytes_batch": 212928896
  },
  "metrics": {
    "codec_setup": {
      "median_us": 3.410000,
      "mad_us": 0.010000,
      "minimum_us": 3.391000,
      "maximum_us": 9.890000,
      "samples_us": [9.890000, 3.450000, 3.400000, 3.400000, 3.391000, 3.410000, 3.410000, 3.400000, 3.410000]
    },
    "encode_execution": {
      "median_us_per_batch_call": 10639.107250,
      "mad_us_per_batch_call": 10.511375,
      "minimum_us_per_batch_call": 10583.869125,
      "maximum_us_per_batch_call": 10752.222125,
      "samples_us_per_batch_call": [10752.222125, 10653.513625, 10635.428500, 10630.479500, 10583.869125, 10648.438500, 10623.425750, 10649.618625, 10639.107250],
      "input_GB_per_s": 6.159915,
      "parity_output_GB_per_s": 1.231983
    },
    "decode_plan_setup": {
      "median_us": 196.152000,
      "mad_us": 0.240000,
      "minimum_us": 195.892000,
      "maximum_us": 203.352000,
      "samples_us": [203.352000, 198.982000, 196.163000, 195.912000, 195.892000, 196.042000, 198.503000, 196.152000, 196.022000]
    },
    "decode_execution": {
      "median_us_per_batch_call": 25481.671375,
      "mad_us_per_batch_call": 55.104375,
      "minimum_us_per_batch_call": 25315.768125,
      "maximum_us_per_batch_call": 25536.775750,
      "samples_us_per_batch_call": [25511.039250, 25330.907125, 25481.671375, 25393.996625, 25346.593625, 25485.282750, 25536.775750, 25315.768125, 25490.639000],
      "offered_received_GB_per_s": 3.083693,
      "repaired_output_GB_per_s": 0.002572
    },
    "decode_amortized_at_reuse": {
      "reuse_count": 8,
      "derived_median_us_per_batch_call": 25506.190375,
      "offered_received_GB_per_s": 3.080729,
      "repaired_output_GB_per_s": 0.002569
    },
    "rate_semantics": "offered_received counts all non-null shard pointers supplied; a plan may read a deterministic subset"
  },
  "legacy": {
    "available": false,
    "unavailable_reason": "disabled by --skip-legacy",
    "codec_setup": null,
    "decode_timing_includes_setup": true,
    "encode_execution": null,
    "decode_including_setup": null
  }
}
