{
  "schema": "leopard-main-benchmark-v1",
  "build": {
    "main_source_commit": "6e5725ebdf9da4370b0bcc4f70fa8eb66f4e6198",
    "cplusplus": 201103
  },
  "parameters": {
    "K": 1000,
    "R": 200,
    "shard_bytes": 65536,
    "loss_count": 1,
    "missing_original_indices": [727],
    "batch": 1,
    "reuse": 8,
    "iterations": 9,
    "warmup": 2,
    "thread_count": 1,
    "seed": 127
  },
  "resolved": {
    "profile": "legacy_high_v1",
    "field": "gf16",
    "thread_count": 1,
    "parent_count": 2048,
    "padded_side": 256
  },
  "correctness": {"round_trip": true},
  "workload_digests": {
    "algorithm": "fnv1a64",
    "original_data": "a9b73f287cdc7964",
    "transmitted_parity": "a9af0349ff11dc1e",
    "recovered_originals": "10a08ad84bf2810b"
  },
  "memory": {
    "alignment": 64,
    "encode_work_shards_per_stripe": 512,
    "decode_work_shards_per_stripe": 2048,
    "encode_work_bytes_batch": 33554432,
    "decode_work_bytes_batch": 134217728
  },
  "metrics": {
    "codec_setup": null,
    "decode_timing_includes_setup": true,
    "encode_execution": {
      "median_us_per_batch_call": 9325.822000,
      "mad_us_per_batch_call": 3.360000,
      "minimum_us_per_batch_call": 9322.462000,
      "maximum_us_per_batch_call": 9436.410750,
      "samples_us_per_batch_call": [9436.410750, 9329.719625, 9325.262000, 9322.595750, 9323.577125, 9363.691250, 9325.822000, 9333.009625, 9322.462000],
      "input_GB_per_s": 7.027370,
      "parity_output_GB_per_s": 1.405474
    },
    "decode_including_setup": {
      "median_us_per_batch_call": 51217.859000,
      "mad_us_per_batch_call": 104.061375,
      "minimum_us_per_batch_call": 51040.820750,
      "maximum_us_per_batch_call": 51354.033125,
      "samples_us_per_batch_call": [51321.920375, 51109.510375, 51070.740000, 51217.859000, 51040.820750, 51354.033125, 51259.118250, 51242.114375, 51211.873875],
      "offered_received_GB_per_s": 1.534185,
      "repaired_output_GB_per_s": 0.001280
    },
    "rate_semantics": "offered_received counts every non-null original and all R supplied parity shards"
  }
}
