{
  "schema": "leopard-main-benchmark-v1",
  "build": {
    "main_source_commit": "6e5725ebdf9da4370b0bcc4f70fa8eb66f4e6198",
    "cplusplus": 201103
  },
  "parameters": {
    "K": 4096,
    "R": 512,
    "shard_bytes": 4096,
    "loss_count": 8,
    "missing_original_indices": [122, 572, 1320, 2223, 2746, 3099, 4033, 4056],
    "batch": 1,
    "reuse": 8,
    "iterations": 9,
    "warmup": 2,
    "thread_count": 1,
    "seed": 137
  },
  "resolved": {
    "profile": "legacy_high_v1",
    "field": "gf16",
    "thread_count": 1,
    "parent_count": 8192,
    "padded_side": 512
  },
  "correctness": {"round_trip": true},
  "workload_digests": {
    "algorithm": "fnv1a64",
    "original_data": "6f3156dce1278d19",
    "transmitted_parity": "747f5e1455d18a69",
    "recovered_originals": "3efc079595ac7e3e"
  },
  "memory": {
    "alignment": 64,
    "encode_work_shards_per_stripe": 1024,
    "decode_work_shards_per_stripe": 8192,
    "encode_work_bytes_batch": 4194304,
    "decode_work_bytes_batch": 33554432
  },
  "metrics": {
    "codec_setup": null,
    "decode_timing_includes_setup": true,
    "encode_execution": {
      "median_us_per_batch_call": 2162.873375,
      "mad_us_per_batch_call": 25.121625,
      "minimum_us_per_batch_call": 2134.100500,
      "maximum_us_per_batch_call": 2260.064500,
      "samples_us_per_batch_call": [2260.064500, 2134.143000, 2162.873375, 2134.100500, 2172.222250, 2137.751750, 2174.713500, 2134.200625, 2168.532125],
      "input_GB_per_s": 7.756911,
      "parity_output_GB_per_s": 0.969614
    },
    "decode_including_setup": {
      "median_us_per_batch_call": 10375.970625,
      "mad_us_per_batch_call": 60.807000,
      "minimum_us_per_batch_call": 10267.285625,
      "maximum_us_per_batch_call": 10505.902000,
      "samples_us_per_batch_call": [10458.712750, 10387.581875, 10375.970625, 10315.163625, 10505.902000, 10376.370500, 10267.285625, 10357.570375, 10270.901750],
      "offered_received_GB_per_s": 1.815888,
      "repaired_output_GB_per_s": 0.003158
    },
    "rate_semantics": "offered_received counts every non-null original and all R supplied parity shards"
  }
}
