{
  "schema": "leopard-main-benchmark-v1",
  "build": {
    "main_source_commit": "6e5725ebdf9da4370b0bcc4f70fa8eb66f4e6198",
    "cplusplus": 201103
  },
  "parameters": {
    "K": 4096,
    "R": 512,
    "shard_bytes": 4096,
    "loss_count": 8,
    "missing_original_indices": [122, 572, 1320, 2223, 2746, 3099, 4033, 4056],
    "batch": 1,
    "reuse": 8,
    "iterations": 9,
    "warmup": 2,
    "thread_count": 1,
    "seed": 137
  },
  "resolved": {
    "profile": "legacy_high_v1",
    "field": "gf16",
    "thread_count": 1,
    "parent_count": 8192,
    "padded_side": 512
  },
  "correctness": {"round_trip": true},
  "workload_digests": {
    "algorithm": "fnv1a64",
    "original_data": "6f3156dce1278d19",
    "transmitted_parity": "747f5e1455d18a69",
    "recovered_originals": "3efc079595ac7e3e"
  },
  "memory": {
    "alignment": 64,
    "encode_work_shards_per_stripe": 1024,
    "decode_work_shards_per_stripe": 8192,
    "encode_work_bytes_batch": 4194304,
    "decode_work_bytes_batch": 33554432
  },
  "metrics": {
    "codec_setup": null,
    "decode_timing_includes_setup": true,
    "encode_execution": {
      "median_us_per_batch_call": 2165.075875,
      "mad_us_per_batch_call": 28.214125,
      "minimum_us_per_batch_call": 2125.748000,
      "maximum_us_per_batch_call": 2257.588250,
      "samples_us_per_batch_call": [2257.588250, 2127.062875, 2166.971000, 2128.447875, 2165.075875, 2125.748000, 2170.657250, 2136.861750, 2169.447250],
      "input_GB_per_s": 7.749020,
      "parity_output_GB_per_s": 0.968627
    },
    "decode_including_setup": {
      "median_us_per_batch_call": 10339.655125,
      "mad_us_per_batch_call": 66.773250,
      "minimum_us_per_batch_call": 10208.781250,
      "maximum_us_per_batch_call": 11085.508625,
      "samples_us_per_batch_call": [11085.508625, 10251.651625, 10320.188750, 10472.556625, 10313.301125, 10406.428375, 10346.454000, 10208.781250, 10339.655125],
      "offered_received_GB_per_s": 1.822266,
      "repaired_output_GB_per_s": 0.003169
    },
    "rate_semantics": "offered_received counts every non-null original and all R supplied parity shards"
  }
}
