{
  "schema": "leopard2-benchmark-v2",
  "build": {
    "compiler": "gcc",
    "compiler_version": "13.3.0",
    "cplusplus": 201103
  },
  "parameters": {
    "K": 240,
    "R": 16,
    "requested_profile": "legacy_high_v1",
    "requested_field": "auto",
    "requested_backend": "auto",
    "force_generic_decode": false,
    "force_specialized_decode": false,
    "skip_legacy": true,
    "retain_samples": true,
    "shard_bytes": 65536,
    "loss_count": 16,
    "missing_original_indices": [6, 29, 42, 46, 67, 78, 80, 87, 113, 149, 175, 186, 194, 231, 233, 236],
    "batch": 1,
    "reuse": 8,
    "iterations": 9,
    "warmup": 2,
    "thread_count": 1,
    "seed": 107
  },
  "resolved": {
    "profile": "legacy_high_v1",
    "field": "gf8",
    "backend": "avx2",
    "thread_count": 1,
    "parent_count": 256,
    "padded_side": 16
  },
  "correctness": {
    "leopard2_round_trip": true,
    "legacy_comparison": null
  },
  "workload_digests": {
    "algorithm": "fnv1a64",
    "original_data": "e280209877a0905b",
    "transmitted_parity": "26b81bb8780e581f",
    "recovered_originals": "5253e7831ec8f0b3"
  },
  "memory": {
    "scratch_alignment": 64,
    "encode_scratch_bytes_per_stripe": 2103424,
    "decode_scratch_bytes_per_stripe": 33566464,
    "encode_scratch_bytes_batch": 2103424,
    "decode_scratch_bytes_batch": 33566464
  },
  "metrics": {
    "codec_setup": {
      "median_us": 0.340000,
      "mad_us": 0.000000,
      "minimum_us": 0.330000,
      "maximum_us": 2.570000,
      "samples_us": [2.570000, 0.370000, 0.330000, 0.340000, 0.340000, 0.340000, 0.340000, 0.340000, 0.340000]
    },
    "encode_execution": {
      "median_us_per_batch_call": 862.812375,
      "mad_us_per_batch_call": 1.444875,
      "minimum_us_per_batch_call": 861.367500,
      "maximum_us_per_batch_call": 1023.603000,
      "samples_us_per_batch_call": [1023.603000, 910.758000, 873.120000, 861.941125, 861.367500, 861.687375, 862.131125, 868.066375, 862.812375],
      "input_GB_per_s": 18.229502,
      "parity_output_GB_per_s": 1.215300
    },
    "decode_plan_setup": {
      "median_us": 1.370000,
      "mad_us": 0.020000,
      "minimum_us": 1.340000,
      "maximum_us": 6.050000,
      "samples_us": [6.050000, 1.940000, 1.480000, 1.360000, 1.350000, 1.340000, 1.360000, 1.370000, 1.380000]
    },
    "decode_execution": {
      "median_us_per_batch_call": 2312.286625,
      "mad_us_per_batch_call": 12.405125,
      "minimum_us_per_batch_call": 2293.131500,
      "maximum_us_per_batch_call": 2460.970875,
      "samples_us_per_batch_call": [2460.970875, 2333.601750, 2312.286625, 2299.881500, 2325.306750, 2293.131500, 2302.200125, 2300.654000, 2314.104125],
      "offered_received_GB_per_s": 6.802202,
      "repaired_output_GB_per_s": 0.453480
    },
    "decode_amortized_at_reuse": {
      "reuse_count": 8,
      "derived_median_us_per_batch_call": 2312.457875,
      "offered_received_GB_per_s": 6.801698,
      "repaired_output_GB_per_s": 0.453447
    },
    "rate_semantics": "offered_received counts all non-null shard pointers supplied; a plan may read a deterministic subset"
  },
  "legacy": {
    "available": false,
    "unavailable_reason": "disabled by --skip-legacy",
    "codec_setup": null,
    "decode_timing_includes_setup": true,
    "encode_execution": null,
    "decode_including_setup": null
  }
}
