{
  "schema": "leopard-main-benchmark-v1",
  "build": {
    "main_source_commit": "6e5725ebdf9da4370b0bcc4f70fa8eb66f4e6198",
    "cplusplus": 201103
  },
  "parameters": {
    "K": 240,
    "R": 16,
    "shard_bytes": 65536,
    "loss_count": 16,
    "missing_original_indices": [6, 29, 42, 46, 67, 78, 80, 87, 113, 149, 175, 186, 194, 231, 233, 236],
    "batch": 1,
    "reuse": 8,
    "iterations": 9,
    "warmup": 2,
    "thread_count": 1,
    "seed": 107
  },
  "resolved": {
    "profile": "legacy_high_v1",
    "field": "gf8",
    "thread_count": 1,
    "parent_count": 256,
    "padded_side": 16
  },
  "correctness": {"round_trip": true},
  "workload_digests": {
    "algorithm": "fnv1a64",
    "original_data": "e280209877a0905b",
    "transmitted_parity": "26b81bb8780e581f",
    "recovered_originals": "5253e7831ec8f0b3"
  },
  "memory": {
    "alignment": 64,
    "encode_work_shards_per_stripe": 32,
    "decode_work_shards_per_stripe": 256,
    "encode_work_bytes_batch": 2097152,
    "decode_work_bytes_batch": 16777216
  },
  "metrics": {
    "codec_setup": null,
    "decode_timing_includes_setup": true,
    "encode_execution": {
      "median_us_per_batch_call": 697.278000,
      "mad_us_per_batch_call": 0.771250,
      "minimum_us_per_batch_call": 696.506750,
      "maximum_us_per_batch_call": 735.106000,
      "samples_us_per_batch_call": [735.106000, 698.531750, 696.981750, 697.244250, 699.519375, 696.506750, 697.075500, 697.278000, 698.696875],
      "input_GB_per_s": 22.557201,
      "parity_output_GB_per_s": 1.503813
    },
    "decode_including_setup": {
      "median_us_per_batch_call": 2280.520000,
      "mad_us_per_batch_call": 8.300000,
      "minimum_us_per_batch_call": 2268.041125,
      "maximum_us_per_batch_call": 2417.316500,
      "samples_us_per_batch_call": [2417.316500, 2270.887375, 2307.025375, 2285.471250, 2284.837625, 2279.357375, 2272.220000, 2280.520000, 2268.041125],
      "offered_received_GB_per_s": 6.896953,
      "repaired_output_GB_per_s": 0.459797
    },
    "rate_semantics": "offered_received counts every non-null original and all R supplied parity shards"
  }
}
