{
  "schema": "leopard-main-benchmark-v1",
  "build": {
    "main_source_commit": "6e5725ebdf9da4370b0bcc4f70fa8eb66f4e6198",
    "cplusplus": 201103
  },
  "parameters": {
    "K": 240,
    "R": 16,
    "shard_bytes": 65536,
    "loss_count": 1,
    "missing_original_indices": [55],
    "batch": 1,
    "reuse": 8,
    "iterations": 9,
    "warmup": 2,
    "thread_count": 1,
    "seed": 103
  },
  "resolved": {
    "profile": "legacy_high_v1",
    "field": "gf8",
    "thread_count": 1,
    "parent_count": 256,
    "padded_side": 16
  },
  "correctness": {"round_trip": true},
  "workload_digests": {
    "algorithm": "fnv1a64",
    "original_data": "098bc6a8e198c13e",
    "transmitted_parity": "9848b9ee681c432e",
    "recovered_originals": "2835cd93082ba377"
  },
  "memory": {
    "alignment": 64,
    "encode_work_shards_per_stripe": 32,
    "decode_work_shards_per_stripe": 256,
    "encode_work_bytes_batch": 2097152,
    "decode_work_bytes_batch": 16777216
  },
  "metrics": {
    "codec_setup": null,
    "decode_timing_includes_setup": true,
    "encode_execution": {
      "median_us_per_batch_call": 696.145500,
      "mad_us_per_batch_call": 1.818750,
      "minimum_us_per_batch_call": 692.761750,
      "maximum_us_per_batch_call": 749.099875,
      "samples_us_per_batch_call": [749.099875, 699.294250, 694.326750, 694.926750, 692.761750, 696.145500, 699.473125, 696.531750, 695.046750],
      "input_GB_per_s": 22.593897,
      "parity_output_GB_per_s": 1.506260
    },
    "decode_including_setup": {
      "median_us_per_batch_call": 1980.485250,
      "mad_us_per_batch_call": 3.086250,
      "minimum_us_per_batch_call": 1975.545250,
      "maximum_us_per_batch_call": 2076.902625,
      "samples_us_per_batch_call": [2076.902625, 1975.545250, 1977.476500, 1982.190375, 1977.399000, 1988.680500, 1980.485250, 1989.057875, 1977.465250],
      "offered_received_GB_per_s": 8.438174,
      "repaired_output_GB_per_s": 0.033091
    },
    "rate_semantics": "offered_received counts every non-null original and all R supplied parity shards"
  }
}
