{
  "schema": "leopard2-benchmark-v2",
  "build": {
    "compiler": "gcc",
    "compiler_version": "13.3.0",
    "cplusplus": 201103
  },
  "parameters": {
    "K": 240,
    "R": 16,
    "requested_profile": "legacy_high_v1",
    "requested_field": "auto",
    "requested_backend": "auto",
    "force_generic_decode": false,
    "force_specialized_decode": false,
    "skip_legacy": true,
    "retain_samples": true,
    "shard_bytes": 65536,
    "loss_count": 1,
    "missing_original_indices": [55],
    "batch": 1,
    "reuse": 8,
    "iterations": 9,
    "warmup": 2,
    "thread_count": 1,
    "seed": 103
  },
  "resolved": {
    "profile": "legacy_high_v1",
    "field": "gf8",
    "backend": "avx2",
    "thread_count": 1,
    "parent_count": 256,
    "padded_side": 16
  },
  "correctness": {
    "leopard2_round_trip": true,
    "legacy_comparison": null
  },
  "workload_digests": {
    "algorithm": "fnv1a64",
    "original_data": "098bc6a8e198c13e",
    "transmitted_parity": "9848b9ee681c432e",
    "recovered_originals": "2835cd93082ba377"
  },
  "memory": {
    "scratch_alignment": 64,
    "encode_scratch_bytes_per_stripe": 2103424,
    "decode_scratch_bytes_per_stripe": 33566464,
    "encode_scratch_bytes_batch": 2103424,
    "decode_scratch_bytes_batch": 33566464
  },
  "metrics": {
    "codec_setup": {
      "median_us": 0.340000,
      "mad_us": 0.010000,
      "minimum_us": 0.330000,
      "maximum_us": 2.050000,
      "samples_us": [2.050000, 0.360000, 0.330000, 0.340000, 0.330000, 0.340000, 0.330000, 0.340000, 0.330000]
    },
    "encode_execution": {
      "median_us_per_batch_call": 923.208125,
      "mad_us_per_batch_call": 0.508750,
      "minimum_us_per_batch_call": 922.699375,
      "maximum_us_per_batch_call": 1106.276500,
      "samples_us_per_batch_call": [1106.276500, 978.033750, 938.659500, 923.115625, 923.077000, 922.901875, 922.699375, 928.061875, 923.208125],
      "input_GB_per_s": 17.036938,
      "parity_output_GB_per_s": 1.135796
    },
    "decode_plan_setup": {
      "median_us": 1.220000,
      "mad_us": 0.010000,
      "minimum_us": 1.210000,
      "maximum_us": 4.980000,
      "samples_us": [4.980000, 1.420000, 1.320000, 1.270000, 1.220000, 1.220000, 1.210000, 1.210000, 1.220000]
    },
    "decode_execution": {
      "median_us_per_batch_call": 1789.100625,
      "mad_us_per_batch_call": 6.478875,
      "minimum_us_per_batch_call": 1762.906500,
      "maximum_us_per_batch_call": 1919.604625,
      "samples_us_per_batch_call": [1919.604625, 1791.055625, 1762.906500, 1789.100625, 1785.924375, 1785.514250, 1808.938375, 1775.767875, 1795.579500],
      "offered_received_GB_per_s": 9.340827,
      "repaired_output_GB_per_s": 0.036631
    },
    "decode_amortized_at_reuse": {
      "reuse_count": 8,
      "derived_median_us_per_batch_call": 1789.253125,
      "offered_received_GB_per_s": 9.340031,
      "repaired_output_GB_per_s": 0.036628
    },
    "rate_semantics": "offered_received counts all non-null shard pointers supplied; a plan may read a deterministic subset"
  },
  "legacy": {
    "available": false,
    "unavailable_reason": "disabled by --skip-legacy",
    "codec_setup": null,
    "decode_timing_includes_setup": true,
    "encode_execution": null,
    "decode_including_setup": null
  }
}
