{
  "schema": "leopard2-benchmark-v2",
  "build": {
    "compiler": "gcc",
    "compiler_version": "13.3.0",
    "cplusplus": 201103
  },
  "parameters": {
    "K": 240,
    "R": 16,
    "requested_profile": "legacy_high_v1",
    "requested_field": "auto",
    "requested_backend": "auto",
    "force_generic_decode": false,
    "force_specialized_decode": false,
    "skip_legacy": true,
    "retain_samples": true,
    "shard_bytes": 65536,
    "loss_count": 1,
    "missing_original_indices": [55],
    "batch": 1,
    "reuse": 8,
    "iterations": 9,
    "warmup": 2,
    "thread_count": 1,
    "seed": 103
  },
  "resolved": {
    "profile": "legacy_high_v1",
    "field": "gf8",
    "backend": "avx2",
    "thread_count": 1,
    "parent_count": 256,
    "padded_side": 16
  },
  "correctness": {
    "leopard2_round_trip": true,
    "legacy_comparison": null
  },
  "workload_digests": {
    "algorithm": "fnv1a64",
    "original_data": "098bc6a8e198c13e",
    "transmitted_parity": "9848b9ee681c432e",
    "recovered_originals": "2835cd93082ba377"
  },
  "memory": {
    "scratch_alignment": 64,
    "encode_scratch_bytes_per_stripe": 2103424,
    "decode_scratch_bytes_per_stripe": 33566464,
    "encode_scratch_bytes_batch": 2103424,
    "decode_scratch_bytes_batch": 33566464
  },
  "metrics": {
    "codec_setup": {
      "median_us": 0.340000,
      "mad_us": 0.000000,
      "minimum_us": 0.340000,
      "maximum_us": 2.530000,
      "samples_us": [2.530000, 0.370000, 0.340000, 0.340000, 0.340000, 0.340000, 0.340000, 0.340000, 0.340000]
    },
    "encode_execution": {
      "median_us_per_batch_call": 930.553125,
      "mad_us_per_batch_call": 1.777375,
      "minimum_us_per_batch_call": 927.249500,
      "maximum_us_per_batch_call": 1079.153625,
      "samples_us_per_batch_call": [1079.153625, 976.491250, 931.730625, 927.249500, 932.037000, 927.809375, 928.775750, 930.553125, 928.852000],
      "input_GB_per_s": 16.902463,
      "parity_output_GB_per_s": 1.126831
    },
    "decode_plan_setup": {
      "median_us": 1.210000,
      "mad_us": 0.020000,
      "minimum_us": 1.190000,
      "maximum_us": 4.970000,
      "samples_us": [4.970000, 1.411000, 1.280000, 1.230000, 1.210000, 1.190000, 1.190000, 1.190000, 1.190000]
    },
    "decode_execution": {
      "median_us_per_batch_call": 1748.546375,
      "mad_us_per_batch_call": 10.695125,
      "minimum_us_per_batch_call": 1724.906125,
      "maximum_us_per_batch_call": 1901.211875,
      "samples_us_per_batch_call": [1901.211875, 1748.546375, 1749.927625, 1733.340000, 1737.851250, 1743.402625, 1775.091625, 1758.784000, 1724.906125],
      "offered_received_GB_per_s": 9.557470,
      "repaired_output_GB_per_s": 0.037480
    },
    "decode_amortized_at_reuse": {
      "reuse_count": 8,
      "derived_median_us_per_batch_call": 1748.697625,
      "offered_received_GB_per_s": 9.556644,
      "repaired_output_GB_per_s": 0.037477
    },
    "rate_semantics": "offered_received counts all non-null shard pointers supplied; a plan may read a deterministic subset"
  },
  "legacy": {
    "available": false,
    "unavailable_reason": "disabled by --skip-legacy",
    "codec_setup": null,
    "decode_timing_includes_setup": true,
    "encode_execution": null,
    "decode_including_setup": null
  }
}
