{
  "schema": "leopard2-benchmark-v2",
  "build": {
    "compiler": "gcc",
    "compiler_version": "13.3.0",
    "cplusplus": 201103
  },
  "parameters": {
    "K": 4096,
    "R": 512,
    "requested_profile": "legacy_high_v1",
    "requested_field": "auto",
    "requested_backend": "auto",
    "force_generic_decode": false,
    "force_specialized_decode": false,
    "skip_legacy": true,
    "retain_samples": true,
    "shard_bytes": 4096,
    "loss_count": 8,
    "missing_original_indices": [122, 572, 1320, 2223, 2746, 3099, 4033, 4056],
    "batch": 1,
    "reuse": 8,
    "iterations": 9,
    "warmup": 2,
    "thread_count": 1,
    "seed": 137
  },
  "resolved": {
    "profile": "legacy_high_v1",
    "field": "gf16",
    "backend": "avx2",
    "thread_count": 1,
    "parent_count": 8192,
    "padded_side": 512
  },
  "correctness": {
    "leopard2_round_trip": true,
    "legacy_comparison": null
  },
  "workload_digests": {
    "algorithm": "fnv1a64",
    "original_data": "6f3156dce1278d19",
    "transmitted_parity": "747f5e1455d18a69",
    "recovered_originals": "3efc079595ac7e3e"
  },
  "memory": {
    "scratch_alignment": 64,
    "encode_scratch_bytes_per_stripe": 4308992,
    "decode_scratch_bytes_per_stripe": 52699136,
    "encode_scratch_bytes_batch": 4308992,
    "decode_scratch_bytes_batch": 52699136
  },
  "metrics": {
    "codec_setup": {
      "median_us": 13.340000,
      "mad_us": 0.010000,
      "minimum_us": 13.320000,
      "maximum_us": 24.951000,
      "samples_us": [24.951000, 13.410000, 13.360000, 13.340000, 13.320000, 13.340000, 13.340000, 13.331000, 13.330000]
    },
    "encode_execution": {
      "median_us_per_batch_call": 2635.360000,
      "mad_us_per_batch_call": 10.961375,
      "minimum_us_per_batch_call": 2610.239750,
      "maximum_us_per_batch_call": 2688.783125,
      "samples_us_per_batch_call": [2688.783125, 2629.351125, 2610.239750, 2640.621250, 2635.360000, 2617.261125, 2638.481250, 2610.361000, 2646.321375],
      "input_GB_per_s": 6.366195,
      "parity_output_GB_per_s": 0.795774
    },
    "decode_plan_setup": {
      "median_us": 211.722000,
      "mad_us": 0.109000,
      "minimum_us": 211.532000,
      "maximum_us": 225.072000,
      "samples_us": [225.072000, 212.543000, 211.722000, 211.623000, 211.732000, 214.402000, 211.703000, 211.532000, 211.613000]
    },
    "decode_execution": {
      "median_us_per_batch_call": 5730.996500,
      "mad_us_per_batch_call": 24.122750,
      "minimum_us_per_batch_call": 5665.468250,
      "maximum_us_per_batch_call": 5997.503250,
      "samples_us_per_batch_call": [5997.503250, 5742.020375, 5665.468250, 5676.809625, 5730.996500, 5747.279250, 5668.394500, 5706.873750, 5731.446500],
      "offered_received_GB_per_s": 3.287666,
      "repaired_output_GB_per_s": 0.005718
    },
    "decode_amortized_at_reuse": {
      "reuse_count": 8,
      "derived_median_us_per_batch_call": 5757.461750,
      "offered_received_GB_per_s": 3.272553,
      "repaired_output_GB_per_s": 0.005691
    },
    "rate_semantics": "offered_received counts all non-null shard pointers supplied; a plan may read a deterministic subset"
  },
  "legacy": {
    "available": false,
    "unavailable_reason": "disabled by --skip-legacy",
    "codec_setup": null,
    "decode_timing_includes_setup": true,
    "encode_execution": null,
    "decode_including_setup": null
  }
}
