{
  "schema": "leopard-main-benchmark-v1",
  "build": {
    "main_source_commit": "6e5725ebdf9da4370b0bcc4f70fa8eb66f4e6198",
    "cplusplus": 201103
  },
  "parameters": {
    "K": 4096,
    "R": 512,
    "shard_bytes": 4096,
    "loss_count": 8,
    "missing_original_indices": [122, 572, 1320, 2223, 2746, 3099, 4033, 4056],
    "batch": 1,
    "reuse": 8,
    "iterations": 9,
    "warmup": 2,
    "thread_count": 1,
    "seed": 137
  },
  "resolved": {
    "profile": "legacy_high_v1",
    "field": "gf16",
    "thread_count": 1,
    "parent_count": 8192,
    "padded_side": 512
  },
  "correctness": {"round_trip": true},
  "workload_digests": {
    "algorithm": "fnv1a64",
    "original_data": "6f3156dce1278d19",
    "transmitted_parity": "747f5e1455d18a69",
    "recovered_originals": "3efc079595ac7e3e"
  },
  "memory": {
    "alignment": 64,
    "encode_work_shards_per_stripe": 1024,
    "decode_work_shards_per_stripe": 8192,
    "encode_work_bytes_batch": 4194304,
    "decode_work_bytes_batch": 33554432
  },
  "metrics": {
    "codec_setup": null,
    "decode_timing_includes_setup": true,
    "encode_execution": {
      "median_us_per_batch_call": 2159.663375,
      "mad_us_per_batch_call": 27.530250,
      "minimum_us_per_batch_call": 2129.104250,
      "maximum_us_per_batch_call": 2227.751625,
      "samples_us_per_batch_call": [2227.751625, 2159.663375, 2130.766750, 2163.955875, 2129.104250, 2164.055875, 2129.309250, 2168.628375, 2132.133125],
      "input_GB_per_s": 7.768440,
      "parity_output_GB_per_s": 0.971055
    },
    "decode_including_setup": {
      "median_us_per_batch_call": 10189.686000,
      "mad_us_per_batch_call": 35.745375,
      "minimum_us_per_batch_call": 10113.745250,
      "maximum_us_per_batch_call": 10389.083250,
      "samples_us_per_batch_call": [10389.083250, 10189.099750, 10230.549000, 10184.842250, 10170.459500, 10113.745250, 10189.686000, 10225.431375, 10254.614250],
      "offered_received_GB_per_s": 1.849085,
      "repaired_output_GB_per_s": 0.003216
    },
    "rate_semantics": "offered_received counts every non-null original and all R supplied parity shards"
  }
}
