{
  "schema": "leopard2-benchmark-v2",
  "build": {
    "compiler": "gcc",
    "compiler_version": "13.3.0",
    "cplusplus": 201103
  },
  "parameters": {
    "K": 4096,
    "R": 512,
    "requested_profile": "legacy_high_v1",
    "requested_field": "auto",
    "requested_backend": "auto",
    "force_generic_decode": false,
    "force_specialized_decode": false,
    "skip_legacy": true,
    "retain_samples": true,
    "shard_bytes": 4096,
    "loss_count": 8,
    "missing_original_indices": [122, 572, 1320, 2223, 2746, 3099, 4033, 4056],
    "batch": 1,
    "reuse": 8,
    "iterations": 9,
    "warmup": 2,
    "thread_count": 1,
    "seed": 137
  },
  "resolved": {
    "profile": "legacy_high_v1",
    "field": "gf16",
    "backend": "avx2",
    "thread_count": 1,
    "parent_count": 8192,
    "padded_side": 512
  },
  "correctness": {
    "leopard2_round_trip": true,
    "legacy_comparison": null
  },
  "workload_digests": {
    "algorithm": "fnv1a64",
    "original_data": "6f3156dce1278d19",
    "transmitted_parity": "747f5e1455d18a69",
    "recovered_originals": "3efc079595ac7e3e"
  },
  "memory": {
    "scratch_alignment": 64,
    "encode_scratch_bytes_per_stripe": 4308992,
    "decode_scratch_bytes_per_stripe": 52699136,
    "encode_scratch_bytes_batch": 4308992,
    "decode_scratch_bytes_batch": 52699136
  },
  "metrics": {
    "codec_setup": {
      "median_us": 13.220000,
      "mad_us": 0.010000,
      "minimum_us": 13.210000,
      "maximum_us": 23.700000,
      "samples_us": [23.700000, 13.270000, 13.210000, 13.221000, 13.220000, 13.210000, 13.220000, 13.210000, 13.220000]
    },
    "encode_execution": {
      "median_us_per_batch_call": 2615.909875,
      "mad_us_per_batch_call": 10.455000,
      "minimum_us_per_batch_call": 2599.765875,
      "maximum_us_per_batch_call": 2695.485625,
      "samples_us_per_batch_call": [2695.485625, 2605.224625, 2615.909875, 2628.022375, 2599.765875, 2623.001125, 2612.568500, 2611.034750, 2626.364875],
      "input_GB_per_s": 6.413530,
      "parity_output_GB_per_s": 0.801691
    },
    "decode_plan_setup": {
      "median_us": 211.922000,
      "mad_us": 0.270000,
      "minimum_us": 211.333000,
      "maximum_us": 222.393000,
      "samples_us": [222.393000, 212.042000, 211.803000, 214.062000, 211.783000, 211.652000, 211.922000, 211.333000, 214.182000]
    },
    "decode_execution": {
      "median_us_per_batch_call": 5671.974625,
      "mad_us_per_batch_call": 19.617750,
      "minimum_us_per_batch_call": 5652.356875,
      "maximum_us_per_batch_call": 6012.242125,
      "samples_us_per_batch_call": [6012.242125, 5671.974625, 5708.103750, 5671.368375, 5652.356875, 5704.311125, 5696.332375, 5661.845750, 5670.317000],
      "offered_received_GB_per_s": 3.321877,
      "repaired_output_GB_per_s": 0.005777
    },
    "decode_amortized_at_reuse": {
      "reuse_count": 8,
      "derived_median_us_per_batch_call": 5698.464875,
      "offered_received_GB_per_s": 3.306434,
      "repaired_output_GB_per_s": 0.005750
    },
    "rate_semantics": "offered_received counts all non-null shard pointers supplied; a plan may read a deterministic subset"
  },
  "legacy": {
    "available": false,
    "unavailable_reason": "disabled by --skip-legacy",
    "codec_setup": null,
    "decode_timing_includes_setup": true,
    "encode_execution": null,
    "decode_including_setup": null
  }
}
