{
  "schema": "leopard2-benchmark-v2",
  "build": {
    "compiler": "gcc",
    "compiler_version": "13.3.0",
    "cplusplus": 201103
  },
  "parameters": {
    "K": 200,
    "R": 50,
    "requested_profile": "legacy_high_v1",
    "requested_field": "auto",
    "requested_backend": "auto",
    "force_generic_decode": false,
    "force_specialized_decode": false,
    "skip_legacy": true,
    "retain_samples": true,
    "shard_bytes": 65536,
    "loss_count": 8,
    "missing_original_indices": [2, 24, 40, 84, 88, 96, 129, 137],
    "batch": 1,
    "reuse": 8,
    "iterations": 9,
    "warmup": 2,
    "thread_count": 1,
    "seed": 113
  },
  "resolved": {
    "profile": "legacy_high_v1",
    "field": "gf16",
    "backend": "avx2",
    "thread_count": 1,
    "parent_count": 512,
    "padded_side": 64
  },
  "correctness": {
    "leopard2_round_trip": true,
    "legacy_comparison": null
  },
  "workload_digests": {
    "algorithm": "fnv1a64",
    "original_data": "f7d5d0ee6de3a13e",
    "transmitted_parity": "412980fc1e6c348a",
    "recovered_originals": "156d6b9fdeb8daff"
  },
  "memory": {
    "scratch_alignment": 64,
    "encode_scratch_bytes_per_stripe": 8395264,
    "decode_scratch_bytes_per_stripe": 49953856,
    "encode_scratch_bytes_batch": 8395264,
    "decode_scratch_bytes_batch": 49953856
  },
  "metrics": {
    "codec_setup": {
      "median_us": 3.950000,
      "mad_us": 0.010000,
      "minimum_us": 3.930000,
      "maximum_us": 8.350000,
      "samples_us": [8.350000, 4.000000, 3.960000, 3.940000, 3.930000, 3.940000, 3.940000, 3.950000, 3.950000]
    },
    "encode_execution": {
      "median_us_per_batch_call": 1535.091500,
      "mad_us_per_batch_call": 2.339000,
      "minimum_us_per_batch_call": 1528.182500,
      "maximum_us_per_batch_call": 1637.543875,
      "samples_us_per_batch_call": [1637.543875, 1528.182500, 1530.358875, 1535.957750, 1532.752500, 1537.542750, 1535.338875, 1533.316375, 1535.091500],
      "input_GB_per_s": 8.538384,
      "parity_output_GB_per_s": 2.134596
    },
    "decode_plan_setup": {
      "median_us": 11.310000,
      "mad_us": 0.210000,
      "minimum_us": 11.100000,
      "maximum_us": 14.710000,
      "samples_us": [14.710000, 11.700000, 11.840000, 13.051000, 11.310000, 11.160000, 11.170000, 11.160000, 11.100000]
    },
    "decode_execution": {
      "median_us_per_batch_call": 4016.095000,
      "mad_us_per_batch_call": 18.137625,
      "minimum_us_per_batch_call": 3975.558125,
      "maximum_us_per_batch_call": 4215.218375,
      "samples_us_per_batch_call": [4215.218375, 4020.883750, 4017.077500, 3975.558125, 3978.658375, 3998.449625, 4016.095000, 3995.065875, 4034.232625],
      "offered_received_GB_per_s": 3.949038,
      "repaired_output_GB_per_s": 0.130547
    },
    "decode_amortized_at_reuse": {
      "reuse_count": 8,
      "derived_median_us_per_batch_call": 4017.508750,
      "offered_received_GB_per_s": 3.947648,
      "repaired_output_GB_per_s": 0.130501
    },
    "rate_semantics": "offered_received counts all non-null shard pointers supplied; a plan may read a deterministic subset"
  },
  "legacy": {
    "available": false,
    "unavailable_reason": "disabled by --skip-legacy",
    "codec_setup": null,
    "decode_timing_includes_setup": true,
    "encode_execution": null,
    "decode_including_setup": null
  }
}
