{
  "schema": "leopard-main-benchmark-v1",
  "build": {
    "main_source_commit": "6e5725ebdf9da4370b0bcc4f70fa8eb66f4e6198",
    "cplusplus": 201103
  },
  "parameters": {
    "K": 200,
    "R": 50,
    "shard_bytes": 65536,
    "loss_count": 8,
    "missing_original_indices": [2, 24, 40, 84, 88, 96, 129, 137],
    "batch": 1,
    "reuse": 8,
    "iterations": 9,
    "warmup": 2,
    "thread_count": 1,
    "seed": 113
  },
  "resolved": {
    "profile": "legacy_high_v1",
    "field": "gf16",
    "thread_count": 1,
    "parent_count": 512,
    "padded_side": 64
  },
  "correctness": {"round_trip": true},
  "workload_digests": {
    "algorithm": "fnv1a64",
    "original_data": "f7d5d0ee6de3a13e",
    "transmitted_parity": "412980fc1e6c348a",
    "recovered_originals": "156d6b9fdeb8daff"
  },
  "memory": {
    "alignment": 64,
    "encode_work_shards_per_stripe": 128,
    "decode_work_shards_per_stripe": 512,
    "encode_work_bytes_batch": 8388608,
    "decode_work_bytes_batch": 33554432
  },
  "metrics": {
    "codec_setup": null,
    "decode_timing_includes_setup": true,
    "encode_execution": {
      "median_us_per_batch_call": 1384.310875,
      "mad_us_per_batch_call": 1.416250,
      "minimum_us_per_batch_call": 1379.554625,
      "maximum_us_per_batch_call": 1424.941375,
      "samples_us_per_batch_call": [1424.941375, 1379.554625, 1381.440875, 1383.004625, 1386.263500, 1385.083375, 1384.310875, 1384.656000, 1382.894625],
      "input_GB_per_s": 9.468393,
      "parity_output_GB_per_s": 2.367098
    },
    "decode_including_setup": {
      "median_us_per_batch_call": 6611.887250,
      "mad_us_per_batch_call": 1.910000,
      "minimum_us_per_batch_call": 6605.591000,
      "maximum_us_per_batch_call": 6718.211000,
      "samples_us_per_batch_call": [6718.211000, 6612.873500, 6611.887250, 6605.591000, 6614.753500, 6608.630875, 6610.472375, 6609.977250, 6613.106000],
      "offered_received_GB_per_s": 2.398666,
      "repaired_output_GB_per_s": 0.079295
    },
    "rate_semantics": "offered_received counts every non-null original and all R supplied parity shards"
  }
}
