{
  "schema": "leopard-main-benchmark-v1",
  "build": {
    "main_source_commit": "6e5725ebdf9da4370b0bcc4f70fa8eb66f4e6198",
    "cplusplus": 201103
  },
  "parameters": {
    "K": 240,
    "R": 16,
    "shard_bytes": 65536,
    "loss_count": 1,
    "missing_original_indices": [55],
    "batch": 1,
    "reuse": 8,
    "iterations": 9,
    "warmup": 2,
    "thread_count": 1,
    "seed": 103
  },
  "resolved": {
    "profile": "legacy_high_v1",
    "field": "gf8",
    "thread_count": 1,
    "parent_count": 256,
    "padded_side": 16
  },
  "correctness": {"round_trip": true},
  "workload_digests": {
    "algorithm": "fnv1a64",
    "original_data": "098bc6a8e198c13e",
    "transmitted_parity": "9848b9ee681c432e",
    "recovered_originals": "2835cd93082ba377"
  },
  "memory": {
    "alignment": 64,
    "encode_work_shards_per_stripe": 32,
    "decode_work_shards_per_stripe": 256,
    "encode_work_bytes_batch": 2097152,
    "decode_work_bytes_batch": 16777216
  },
  "metrics": {
    "codec_setup": null,
    "decode_timing_includes_setup": true,
    "encode_execution": {
      "median_us_per_batch_call": 696.179250,
      "mad_us_per_batch_call": 1.146375,
      "minimum_us_per_batch_call": 693.805500,
      "maximum_us_per_batch_call": 737.129625,
      "samples_us_per_batch_call": [737.129625, 700.959375, 696.179250, 693.805500, 695.988000, 697.286750, 694.684250, 697.325625, 695.978000],
      "input_GB_per_s": 22.592802,
      "parity_output_GB_per_s": 1.506187
    },
    "decode_including_setup": {
      "median_us_per_batch_call": 1975.670250,
      "mad_us_per_batch_call": 3.570125,
      "minimum_us_per_batch_call": 1969.380125,
      "maximum_us_per_batch_call": 2121.175625,
      "samples_us_per_batch_call": [2121.175625, 1974.076500, 1976.544000, 1975.670250, 1972.307750, 1987.756625, 1970.192625, 1979.240375, 1969.380125],
      "offered_received_GB_per_s": 8.458740,
      "repaired_output_GB_per_s": 0.033172
    },
    "rate_semantics": "offered_received counts every non-null original and all R supplied parity shards"
  }
}
