{
  "schema": "leopard-main-benchmark-v1",
  "build": {
    "main_source_commit": "6e5725ebdf9da4370b0bcc4f70fa8eb66f4e6198",
    "cplusplus": 201103
  },
  "parameters": {
    "K": 240,
    "R": 16,
    "shard_bytes": 65536,
    "loss_count": 1,
    "missing_original_indices": [55],
    "batch": 1,
    "reuse": 8,
    "iterations": 9,
    "warmup": 2,
    "thread_count": 1,
    "seed": 103
  },
  "resolved": {
    "profile": "legacy_high_v1",
    "field": "gf8",
    "thread_count": 1,
    "parent_count": 256,
    "padded_side": 16
  },
  "correctness": {"round_trip": true},
  "workload_digests": {
    "algorithm": "fnv1a64",
    "original_data": "098bc6a8e198c13e",
    "transmitted_parity": "9848b9ee681c432e",
    "recovered_originals": "2835cd93082ba377"
  },
  "memory": {
    "alignment": 64,
    "encode_work_shards_per_stripe": 32,
    "decode_work_shards_per_stripe": 256,
    "encode_work_bytes_batch": 2097152,
    "decode_work_bytes_batch": 16777216
  },
  "metrics": {
    "codec_setup": null,
    "decode_timing_includes_setup": true,
    "encode_execution": {
      "median_us_per_batch_call": 690.705500,
      "mad_us_per_batch_call": 1.220125,
      "minimum_us_per_batch_call": 689.216750,
      "maximum_us_per_batch_call": 733.959750,
      "samples_us_per_batch_call": [733.959750, 694.995375, 690.705500, 691.210500, 689.485375, 689.216750, 689.750375, 694.806750, 690.528000],
      "input_GB_per_s": 22.771847,
      "parity_output_GB_per_s": 1.518123
    },
    "decode_including_setup": {
      "median_us_per_batch_call": 1965.091375,
      "mad_us_per_batch_call": 3.201375,
      "minimum_us_per_batch_call": 1961.890000,
      "maximum_us_per_batch_call": 2072.626375,
      "samples_us_per_batch_call": [2072.626375, 1973.965250, 1963.593750, 1970.627750, 1962.671375, 1964.542625, 1961.890000, 1981.075375, 1965.091375],
      "offered_received_GB_per_s": 8.504276,
      "repaired_output_GB_per_s": 0.033350
    },
    "rate_semantics": "offered_received counts every non-null original and all R supplied parity shards"
  }
}
